[[1]]
[[1]]$path
[1] "quality_reports/results/mebane_gates/coordination/2026-10-01_ad_long_stan/contract.json"

[[1]]$snapshot
[1] "quality_reports/results/mebane_gates/coordination/2026-10-01_ad_long_stan/review/runner_repeat/sources/quality_reports/results/mebane_gates/coordination/2026-10-01_ad_long_stan/contract.json"

[[1]]$bytes
[1] 17442

[[1]]$sha256
[1] "fb4a296c9bf0af25812d7d8dd2ab63340fe10d4e73e806e64b5dba3f7dcf481a"


[[2]]
[[2]]$path
[1] "quality_reports/results/mebane_gates/coordination/2026-09-30_ad_study/data/run-20260930T235038Z-pid61600/dc2010_ad_data.rds"

[[2]]$snapshot
[1] "quality_reports/results/mebane_gates/coordination/2026-10-01_ad_long_stan/review/runner_repeat/sources/quality_reports/results/mebane_gates/coordination/2026-09-30_ad_study/data/run-20260930T235038Z-pid61600/dc2010_ad_data.rds"

[[2]]$bytes
[1] 2539

[[2]]$sha256
[1] "b2ef611dabb751f9286acbaae841a23c34948ed0a4b6306364cbe94d9d24903e"


[[3]]
[[3]]$path
[1] "R/experimental/mebane_ad/io.R"

[[3]]$snapshot
[1] "quality_reports/results/mebane_gates/coordination/2026-10-01_ad_long_stan/review/runner_repeat/sources/R/experimental/mebane_ad/io.R"

[[3]]$bytes
[1] 2627

[[3]]$sha256
[1] "913803dc29f9784d756ab9a1834b2a96b8201d754957dbd9f65286674b4abb2d"


[[4]]
[[4]]$path
[1] "R/experimental/mebane_ad_long/run_jags.R"

[[4]]$snapshot
[1] "quality_reports/results/mebane_gates/coordination/2026-10-01_ad_long_stan/review/runner_repeat/sources/R/experimental/mebane_ad_long/run_jags.R"

[[4]]$bytes
[1] 8424

[[4]]$sha256
[1] "41b3d046d81d78be8730fb9525428acc43e7d04147ba2596f8574252bf6a7a90"


[[5]]
[[5]]$path
[1] "R/experimental/mebane_ad_long/diagnostics.R"

[[5]]$snapshot
[1] "quality_reports/results/mebane_gates/coordination/2026-10-01_ad_long_stan/review/runner_repeat/sources/R/experimental/mebane_ad_long/diagnostics.R"

[[5]]$bytes
[1] 13123

[[5]]$sha256
[1] "273e8fc0b9a35060d7f0c7d08b4d26a883cb0e90b836f67ec2823726b1e8f736"


[[6]]
[[6]]$path
[1] "R/experimental/mebane_ad/prepare_dc2010.R"

[[6]]$snapshot
[1] "quality_reports/results/mebane_gates/coordination/2026-10-01_ad_long_stan/review/runner_repeat/sources/R/experimental/mebane_ad/prepare_dc2010.R"

[[6]]$bytes
[1] 10287

[[6]]$sha256
[1] "051f0421448bd349ffdfa9a668ac78ac22bccc09bf4b8ff5718cd80c7e788313"


[[7]]
[[7]]$path
[1] "tests/mebane/ad_long/test_runner.R"

[[7]]$snapshot
[1] "quality_reports/results/mebane_gates/coordination/2026-10-01_ad_long_stan/review/runner_repeat/sources/tests/mebane/ad_long/test_runner.R"

[[7]]$bytes
[1] 5194

[[7]]$sha256
[1] "54616bcf2a8618d169b727c9f4b05fa3eff87f2515e031a991698dc3faedfe36"


PASS 69 runner and diagnostic checks; no MCMC
