[[1]]
[[1]]$path
[1] "R/experimental/mebane_ad_long/run_jags.R"

[[1]]$snapshot
[1] "quality_reports/results/mebane_gates/coordination/2026-10-01_ad_long_stan/review/timing_repeat/sources/R/experimental/mebane_ad_long/run_jags.R"

[[1]]$bytes
[1] 8424

[[1]]$sha256
[1] "41b3d046d81d78be8730fb9525428acc43e7d04147ba2596f8574252bf6a7a90"


[[2]]
[[2]]$path
[1] "R/experimental/mebane_ad/timing.md"

[[2]]$snapshot
[1] "quality_reports/results/mebane_gates/coordination/2026-10-01_ad_long_stan/review/timing_repeat/sources/R/experimental/mebane_ad/timing.md"

[[2]]$bytes
[1] 1852

[[2]]$sha256
[1] "db3f96e88cb28ae54c42f539a377fcf5fe3ec4bd716adf0249e6e8c9044433f8"


[[3]]
[[3]]$path
[1] "R/experimental/mebane_ad/io.R"

[[3]]$snapshot
[1] "quality_reports/results/mebane_gates/coordination/2026-10-01_ad_long_stan/review/timing_repeat/sources/R/experimental/mebane_ad/io.R"

[[3]]$bytes
[1] 2627

[[3]]$sha256
[1] "913803dc29f9784d756ab9a1834b2a96b8201d754957dbd9f65286674b4abb2d"


[[4]]
[[4]]$path
[1] "R/experimental/mebane_ad/prepare_dc2010.R"

[[4]]$snapshot
[1] "quality_reports/results/mebane_gates/coordination/2026-10-01_ad_long_stan/review/timing_repeat/sources/R/experimental/mebane_ad/prepare_dc2010.R"

[[4]]$bytes
[1] 10287

[[4]]$sha256
[1] "051f0421448bd349ffdfa9a668ac78ac22bccc09bf4b8ff5718cd80c7e788313"


[[5]]
[[5]]$path
[1] "quality_reports/results/mebane_gates/coordination/2026-10-01_ad_long_stan/contract.json"

[[5]]$snapshot
[1] "quality_reports/results/mebane_gates/coordination/2026-10-01_ad_long_stan/review/timing_repeat/sources/quality_reports/results/mebane_gates/coordination/2026-10-01_ad_long_stan/contract.json"

[[5]]$bytes
[1] 17442

[[5]]$sha256
[1] "fb4a296c9bf0af25812d7d8dd2ab63340fe10d4e73e806e64b5dba3f7dcf481a"


[[6]]
[[6]]$path
[1] "quality_reports/results/mebane_gates/coordination/2026-09-30_ad_study/data/run-20260930T235038Z-pid61600/dc2010_ad_data.rds"

[[6]]$snapshot
[1] "quality_reports/results/mebane_gates/coordination/2026-10-01_ad_long_stan/review/timing_repeat/sources/quality_reports/results/mebane_gates/coordination/2026-09-30_ad_study/data/run-20260930T235038Z-pid61600/dc2010_ad_data.rds"

[[6]]$bytes
[1] 2539

[[6]]$sha256
[1] "b2ef611dabb751f9286acbaae841a23c34948ed0a4b6306364cbe94d9d24903e"


[[7]]
[[7]]$path
[1] "tests/mebane/ad_long/test_timing.R"

[[7]]$snapshot
[1] "quality_reports/results/mebane_gates/coordination/2026-10-01_ad_long_stan/review/timing_repeat/sources/tests/mebane/ad_long/test_timing.R"

[[7]]$bytes
[1] 2691

[[7]]$sha256
[1] "ab4a47df9b00ff7b19e93f176cf2d63355c5d0338d85a143eefba84d608cc76b"


A setup start setup 
A setup complete 0.153 
A compile start compile 
A compile complete 0.036 
A adapt start adapt 
A adapt complete 0.035 
A adapt adaptation_adequate TRUE 
A burn start burn 
A burn complete 0.035 
A sample start sample 
A sample complete 0.034 
A persist_raw start persist_raw 
A persist_raw complete 0.056 
$status
[1] "sampled_not_diagnosed"

$adaptation_adequate
[1] TRUE

$chains
[1] 4

$iterations
[1] 20000 20000 20000 20000

$raw_sha256
[1] "fffb614b837c9742d7d489bf5a529a87383d977f6d1b111ba04f076b66ae489e"

$model
[1] "A"

$warnings
list()

$phases
$phases$setup
$phases$setup$user.self
[1] 0.051

$phases$setup$sys.self
[1] 0.009

$phases$setup$elapsed
[1] 0.153

$phases$setup$completed
[1] TRUE


$phases$compile
$phases$compile$user.self
[1] 0.001

$phases$compile$sys.self
[1] 0

$phases$compile$elapsed
[1] 0.036

$phases$compile$completed
[1] TRUE


$phases$adapt
$phases$adapt$user.self
[1] 0

$phases$adapt$sys.self
[1] 0

$phases$adapt$elapsed
[1] 0.035

$phases$adapt$completed
[1] TRUE


$phases$burn
$phases$burn$user.self
[1] 0

$phases$burn$sys.self
[1] 0

$phases$burn$elapsed
[1] 0.035

$phases$burn$completed
[1] TRUE


$phases$sample
$phases$sample$user.self
[1] 0

$phases$sample$sys.self
[1] 0

$phases$sample$elapsed
[1] 0.034

$phases$sample$completed
[1] TRUE


$phases$persist_raw
$phases$persist_raw$user.self
[1] 0.005

$phases$persist_raw$sys.self
[1] 0.001

$phases$persist_raw$elapsed
[1] 0.056

$phases$persist_raw$completed
[1] TRUE



$elapsed_seconds
[1] 0.357

$timing_scope
[1] "Internal generation: function entry through raw persistence/error handling; excludes R bootstrap and final result/manifest writes. Supervisor measures the whole generation process; diagnostics have a separate clock."

$posterior_or_model_validated
[1] FALSE

D setup start setup 
D setup complete 0.074 
D compile start compile 
D compile failed_elapsed 0.035 
D compile error fixture compile failure 
$status
[1] "error"

$failed_stage
[1] "compile"

$message
[1] "fixture compile failure"

$model
[1] "D"

$warnings
list()

$phases
$phases$setup
$phases$setup$user.self
[1] 0.014

$phases$setup$sys.self
[1] 0.007

$phases$setup$elapsed
[1] 0.074

$phases$setup$completed
[1] TRUE


$phases$compile
$phases$compile$user.self
[1] 0

$phases$compile$sys.self
[1] 0

$phases$compile$elapsed
[1] 0.035

$phases$compile$completed
[1] FALSE



$elapsed_seconds
[1] 0.111

$timing_scope
[1] "Internal generation: function entry through raw persistence/error handling; excludes R bootstrap and final result/manifest writes. Supervisor measures the whole generation process; diagnostics have a separate clock."

$posterior_or_model_validated
[1] FALSE

D setup start setup 
D setup warning cannot open compressed file 'quality_reports/results/mebane_gates/coordination/2026-09-30_ad_study/data/run-20260930T235038Z-pid61600/dc2010_ad_data.rds.absent', probable reason 'No such file or directory' 
D setup failed_elapsed 0.002 
D setup error cannot open the connection 
$status
[1] "error"

$failed_stage
[1] "setup"

$message
[1] "cannot open the connection"

$model
[1] "D"

$warnings
$warnings[[1]]
$warnings[[1]]$stage
[1] "setup"

$warnings[[1]]$message
[1] "cannot open compressed file 'quality_reports/results/mebane_gates/coordination/2026-09-30_ad_study/data/run-20260930T235038Z-pid61600/dc2010_ad_data.rds.absent', probable reason 'No such file or directory'"



$phases
$phases$setup
$phases$setup$user.self
[1] 0.001

$phases$setup$sys.self
[1] 0

$phases$setup$elapsed
[1] 0.002

$phases$setup$completed
[1] FALSE



$elapsed_seconds
[1] 0.002

$timing_scope
[1] "Internal generation: function entry through raw persistence/error handling; excludes R bootstrap and final result/manifest writes. Supervisor measures the whole generation process; diagnostics have a separate clock."

$posterior_or_model_validated
[1] FALSE

PASS timing, partial-error phases and persistence; fake engine only
