During startup - Warning messages:
1: Setting LC_CTYPE failed, using "C" 
2: Setting LC_COLLATE failed, using "C" 
3: Setting LC_TIME failed, using "C" 
4: Setting LC_MESSAGES failed, using "C" 
5: Setting LC_MONETARY failed, using "C" 
perl: warning: Setting locale failed.
perl: warning: Please check that your locale settings:
	LC_ALL = "C.UTF-8",
	LC_CTYPE = "C.UTF-8",
	LANG = "C.UTF-8"
    are supported and installed on your system.
perl: warning: Falling back to the standard locale ("C").
NOTE: Stopping adaptation


Warning message:
In rjags::jags.model(model, data = data, inits = inits, n.chains = 1L,  :
  Adaptation incomplete
NOTE: Stopping adaptation


Warning message:
In rjags::jags.model(model, data = data, inits = inits, n.chains = 1L,  :
  Adaptation incomplete
NOTE: Stopping adaptation


Warning message:
In rjags::jags.model(model, data = data, inits = inits, n.chains = 1L,  :
  Adaptation incomplete
NOTE: Stopping adaptation


Warning message:
In rjags::jags.model(model, data = data, inits = inits, n.chains = 1L,  :
  Adaptation incomplete
NOTE: Stopping adaptation


Warning message:
In rjags::jags.model(model, data = data, inits = inits, n.chains = 1L,  :
  Adaptation incomplete
NOTE: Stopping adaptation


Warning message:
In rjags::jags.model(model, data = data, inits = inits, n.chains = 1L,  :
  Adaptation incomplete
NOTE: Stopping adaptation


Warning message:
In rjags::jags.model(model, data = data, inits = inits, n.chains = 1L,  :
  Adaptation incomplete
JAGS probes complete: 10 cases
Error in x[, paste0(name, "[1]")] : subscript out of bounds
Calls: node -> do.call -> lapply -> FUN
Execution halted
real 0.34
user 0.28
sys 0.05
