$model
[1] "D"

$status
[1] "computationally_inconclusive"

$paired_verdict
[1] "not_assigned_by_per_model_processor"

$mandatory_targets
[1] 1742

$failed_targets
[1] 1021

$undefined_required_targets
[1] 392

$primary_global_failed
 [1] "pi[1]"        "pi[2]"        "tau.alpha"    "iota.m.alpha" "iota.s.alpha"
 [6] "chi.m.alpha"  "chi.s.alpha"  "beta.tau1"    "imb"          "isb"         
[11] "cmb"          "csb"          "M_total"      "S_total"     

$elapsed_seconds
[1] 20.41277

$raw_sha256
[1] "6fe3da66426201efe6da0176f7c880755df868cb9fb6b318a7a9eb1f6bed13ac"

$contract_sha256
[1] "d17b7f508a7ce87eec3ca71ed7df67666b528c755e005ec9e1299e5ff9deb509"

$shape
iterations     chains 
      2000          4 

$production_approved
[1] FALSE

$G10_approved
[1] FALSE

