D setup start setup 
D setup complete 0.115 
D compile start compile 
D compile complete 0.207 
D adapt start adapt 
D adapt complete 7.742 
D adapt adaptation_adequate TRUE 
D burn start burn 
D burn complete 38.997 
D sample start sample 
D sample complete 16.267 
D persist_raw start persist_raw 
D persist_raw complete 3.988 
$status
[1] "sampled_not_diagnosed"

$adaptation_adequate
[1] TRUE

$chains
[1] 4

$iterations
[1] 2000 2000 2000 2000

$raw_sha256
[1] "6fe3da66426201efe6da0176f7c880755df868cb9fb6b318a7a9eb1f6bed13ac"

$model
[1] "D"

$warnings
list()

$phases
$phases$setup
$phases$setup$user.self
[1] 0.09

$phases$setup$sys.self
[1] 0.014

$phases$setup$elapsed
[1] 0.115

$phases$setup$completed
[1] TRUE


$phases$compile
$phases$compile$user.self
[1] 0.205

$phases$compile$sys.self
[1] 0.001

$phases$compile$elapsed
[1] 0.207

$phases$compile$completed
[1] TRUE


$phases$adapt
$phases$adapt$user.self
[1] 7.703

$phases$adapt$sys.self
[1] 0.035

$phases$adapt$elapsed
[1] 7.742

$phases$adapt$completed
[1] TRUE


$phases$burn
$phases$burn$user.self
[1] 38.807

$phases$burn$sys.self
[1] 0.166

$phases$burn$elapsed
[1] 38.997

$phases$burn$completed
[1] TRUE


$phases$sample
$phases$sample$user.self
[1] 16.01

$phases$sample$sys.self
[1] 0.247

$phases$sample$elapsed
[1] 16.267

$phases$sample$completed
[1] TRUE


$phases$persist_raw
$phases$persist_raw$user.self
[1] 3.904

$phases$persist_raw$sys.self
[1] 0.077

$phases$persist_raw$elapsed
[1] 3.988

$phases$persist_raw$completed
[1] TRUE



$elapsed_seconds
[1] 67.659

$timing_scope
[1] "Internal generation: function entry through raw persistence/error handling; excludes R bootstrap and final result/manifest writes. Supervisor measures the whole generation process; diagnostics have a separate clock."

$posterior_or_model_validated
[1] FALSE

