Compiling model graph
   Resolving undeclared variables
   Allocating nodes
Graph information:
   Observed stochastic nodes: 33
   Unobserved stochastic nodes: 1
   Total graph size: 99

Initializing model

$runtime_success
[1] TRUE

$phase
[1] "completed"

$error
NULL

$physical_invalid_draws
[1] 0

$pW_range
[1] 0 0

$unique_Z
[1] 1

$case
$case$id
[1] "latent_class_updates"

$case$Z
[1] 1

$case$iota_m
[1] 1

$case$chi_m
[1] 1

$case$free
[1] "Z"

$case$init
[1] 1


$warnings
character(0)

$source_sha256
[1] "f8360126424b7a463f76a1c99efc89a8a5cb81339213bd4931559f14595fbab6"

$JAGS
[1] "4.3.2"

$data_fixed_nodes
 [1] "N"            "n"            "a"            "w"            "pi.aux1"     
 [6] "pi.aux2"      "pi.aux3"      "N.iota.m"     "N.iota.s"     "N.chi.m"     
[11] "N.chi.s"      "Xa"           "Xw"           "X.iota.m"     "X.iota.s"    
[16] "X.chi.m"      "X.chi.s"      "dxa"          "dxw"          "dx.iota.m"   
[21] "dx.iota.s"    "dx.chi.m"     "dx.chi.s"     "beta.tau1"    "tau.alpha"   
[26] "beta.nu1"     "nu.alpha"     "beta.iota.m1" "iota.m.alpha" "beta.iota.s1"
[31] "iota.s.alpha" "beta.chi.m1"  "chi.m.alpha"  "beta.chi.s1"  "chi.s.alpha" 
[36] "tb"           "nb"           "imb"          "isb"          "cmb"         
[41] "csb"          "th"           "nh"           "imh"          "ish"         
[46] "cmh"          "csh"         

$free_latent_nodes
[1] "Z"

$missing_response_nodes
character(0)

$init_nodes
[1] ".RNG.name" ".RNG.seed" "Z"        

$scope
[1] "unchanged integral source, conditioned graph; no unconditional hierarchy validation; errors are preserved observations"

