Started UTC: 2026-09-30 23:55:31 UTC 
Command: env LC_ALL=C LANG=C Rscript --vanilla quality_reports/results/mebane_gates/coordination/2026-09-30_ad_study/review_contract/independent_checks_retry1.R '/Users/manoelgaldino/Documents/DCP/Papers/electoralFraud' 
Nine source hashes match the frozen values.
Mechanism distributions: 2504 positive conditionals: 11294 zero cells: 9990 
                 simplex            normalization                mechanism 
0.0000000000000002220446 0.0000000000000008881784 0.0000000000000009992007 
                log_mass               sequential        conditional_joint 
0.0000000000000142108547 0.0000000000000006661338 0.0000000000000008881784 
     conditional_moments   conditional_covariance        no_transfer_match 
0.0000000000000008881784 0.0000000000000007771561 0.0000000000000002398082 
                 mixture 
0.0000000000000002498002 
Initialization summaries:
[[1]]
[[1]]$chain
[1] 1

[[1]]$tau_alpha
[1] -1.28809

[[1]]$nu_alpha
[1] 1.456296

[[1]]$pA_A
[1] 0.7838238

[[1]]$pW_A_range
[1] 0.1074640 0.3639455

[[1]]$probabilities_D
[1] 0.78382381 0.17531145 0.04086475

[[1]]$finite_log_mass_A_and_D
[1] TRUE

[[1]]$auxiliary_range
[1]  158 4908

[[1]]$extreme_auxiliary_uses_k_plus_one_minus_k_logistic
[1] TRUE


[[2]]
[[2]]$chain
[1] 2

[[2]]$tau_alpha
[1] -0.9880905

[[2]]$nu_alpha
[1] 1.156296

[[2]]$pA_A
[1] 0.7287106

[[2]]$pW_A_range
[1] 0.1007977 0.3413690

[[2]]$probabilities_D
[1] 0.72871059 0.20635876 0.06493065

[[2]]$finite_log_mass_A_and_D
[1] TRUE

[[2]]$auxiliary_range
[1]  295 5343

[[2]]$extreme_auxiliary_uses_k_plus_one_minus_k_logistic
[1] TRUE


[[3]]
[[3]]$chain
[1] 3

[[3]]$tau_alpha
[1] -0.7880905

[[3]]$nu_alpha
[1] 0.9562964

[[3]]$pA_A
[1] 0.6874212

[[3]]$pW_A_range
[1] 0.09572517 0.32418990

[[3]]$probabilities_D
[1] 0.68742117 0.22580059 0.08677824

[[3]]$finite_log_mass_A_and_D
[1] TRUE

[[3]]$auxiliary_range
[1]  431 5779

[[3]]$extreme_auxiliary_uses_k_plus_one_minus_k_logistic
[1] TRUE


[[4]]
[[4]]$chain
[1] 4

[[4]]$tau_alpha
[1] -0.4880905

[[4]]$nu_alpha
[1] 0.6562964

[[4]]$pA_A
[1] 0.6196565

[[4]]$pW_A_range
[1] 0.0872507 0.2954896

[[4]]$probabilities_D
[1] 0.6196565 0.2504288 0.1299147

[[4]]$finite_log_mass_A_and_D
[1] TRUE

[[4]]$auxiliary_range
[1]  222 5112

[[4]]$extreme_auxiliary_uses_k_plus_one_minus_k_logistic
[1] TRUE


Diagnostic fixture:
$shape
[1] 2000    4    1

$separated_rhat
[1] 1.721061

$wrongly_pooled_rhat
[1] 0.999875

$constant_tail_ESS
[1] NA

$label
[1] "deterministic fixture; not fitted or MCMC-generated draws"

PASS scoped deterministic checks; no contract verdict is inferred automatically.
R version 4.4.2 (2024-10-31)
Platform: aarch64-apple-darwin20
Running under: macOS Sonoma 14.7.3

Matrix products: default
BLAS:   /Library/Frameworks/R.framework/Versions/4.4-arm64/Resources/lib/libRblas.0.dylib 
LAPACK: /Library/Frameworks/R.framework/Versions/4.4-arm64/Resources/lib/libRlapack.dylib;  LAPACK version 3.12.0

locale:
[1] C

time zone: America/Sao_Paulo
tzcode source: internal

attached base packages:
[1] stats     graphics  grDevices utils     datasets  methods   base     

loaded via a namespace (and not attached):
 [1] rjags_4-17           digest_0.6.39        tensorA_0.36.2.1    
 [4] backports_1.5.1      lattice_0.22-6       coda_0.19-4.1       
 [7] magrittr_2.0.5       posterior_1.7.0      matrixStats_1.5.0   
[10] glue_1.8.0           abind_1.4-8          tibble_3.3.1        
[13] pkgconfig_2.0.3      generics_0.1.4       lifecycle_1.0.5     
[16] cli_3.6.6            grid_4.4.2           vctrs_0.7.2         
[19] compiler_4.4.2       distributional_0.7.0 checkmate_2.3.4     
[22] pillar_1.11.1        rlang_1.2.0          jsonlite_2.0.0      
