PASS pure-forward-compile 
PASS pure-forward-adapt 
PASS pure-forward-burn 
PASS pure-forward-sample 
PASS engine-version-modules-forward 
PASS unchanged-body-ad_check_payload 
PASS unchanged-body-ad_model_data 
PASS unchanged-body-ad_initial_values 
PASS unchanged-body-ad_monitors 
A setup start setup 
A setup complete 0.101 
A compile start compile 
A compile complete 0.021 
A adapt start adapt 
A adapt complete 0.019 
A adapt adaptation_adequate TRUE 
A burn start burn 
A burn complete 0.016 
A sample start sample 
A sample complete 0.479 
A persist_raw start persist_raw 
A persist_raw complete 5.096 
$status
[1] "sampled_not_diagnosed"

$adaptation_adequate
[1] TRUE

$chains
[1] 4

$iterations
[1] 2000 2000 2000 2000

$raw_sha256
[1] "7e35996171c0fb4780718a9cc23ac47ea0d4185c9cebfa317d0b85cf9df537b8"

$model
[1] "A"

$warnings
list()

$phases
$phases$setup
$phases$setup$user.self
[1] 0.064

$phases$setup$sys.self
[1] 0.009

$phases$setup$elapsed
[1] 0.101

$phases$setup$completed
[1] TRUE


$phases$compile
$phases$compile$user.self
[1] 0.002

$phases$compile$sys.self
[1] 0

$phases$compile$elapsed
[1] 0.021

$phases$compile$completed
[1] TRUE


$phases$adapt
$phases$adapt$user.self
[1] 0

$phases$adapt$sys.self
[1] 0

$phases$adapt$elapsed
[1] 0.019

$phases$adapt$completed
[1] TRUE


$phases$burn
$phases$burn$user.self
[1] 0

$phases$burn$sys.self
[1] 0

$phases$burn$elapsed
[1] 0.016

$phases$burn$completed
[1] TRUE


$phases$sample
$phases$sample$user.self
[1] 0.428

$phases$sample$sys.self
[1] 0.032

$phases$sample$elapsed
[1] 0.479

$phases$sample$completed
[1] TRUE


$phases$persist_raw
$phases$persist_raw$user.self
[1] 5.018

$phases$persist_raw$sys.self
[1] 0.055

$phases$persist_raw$elapsed
[1] 5.096

$phases$persist_raw$completed
[1] TRUE



$elapsed_seconds
[1] 6.048

$timing_scope
[1] "Internal generation: function entry through raw persistence/error handling; excludes R bootstrap and final result/manifest writes. Supervisor measures the whole generation process; diagnostics have a separate clock."

$posterior_or_model_validated
[1] FALSE

PASS A success-phase-order 
PASS A phase-times-inclusive-internal-total 
PASS A same-compile-args-data-inits 
PASS A unchanged-iteration-and-monitor-args 
PASS A actual-input-files-match-arguments 
PASS A raw-retains-pre-persistence-phases 
PASS A internal-total-labelled-as-partial 
$model
[1] "A"

$status
[1] "computationally_inconclusive"

$paired_verdict
[1] "not_assigned_by_per_model_processor"

$mandatory_targets
[1] 2171

$failed_targets
[1] 1155

$undefined_required_targets
[1] 1004

$primary_global_failed
[1] "tau.alpha"    "nu.alpha"     "iota.m.alpha" "iota.s.alpha" "chi.m.alpha" 
[6] "chi.s.alpha"  "M_total"      "S_total"     

$elapsed_seconds
[1] 20.78136

$raw_sha256
[1] "7e35996171c0fb4780718a9cc23ac47ea0d4185c9cebfa317d0b85cf9df537b8"

$contract_sha256
[1] "d17b7f508a7ce87eec3ca71ed7df67666b528c755e005ec9e1299e5ff9deb509"

$shape
iterations     chains 
      2000          4 

$production_approved
[1] FALSE

$G10_approved
[1] FALSE

PASS A ESS-denominator-columns-renamed-only 
PASS A ESS-denominator-exact-internal-total 
PASS A unchanged joint_functionals.csv 
PASS A unchanged class_probabilities.csv 
PASS A same-targets-verdict-no-pair-release 
PASS A synthetic-diagnostic-failures-not-waived 
D setup start setup 
D setup complete 0.052 
D compile start compile 
D compile complete 0.019 
D adapt start adapt 
D adapt complete 0.019 
D adapt adaptation_adequate TRUE 
D burn start burn 
D burn complete 0.019 
D sample start sample 
D sample complete 0.363 
D persist_raw start persist_raw 
D persist_raw complete 4.213 
$status
[1] "sampled_not_diagnosed"

$adaptation_adequate
[1] TRUE

$chains
[1] 4

$iterations
[1] 2000 2000 2000 2000

$raw_sha256
[1] "6213dc4498c0387f7c677551b6f98b7315dfbced7167449770311590bbb6c1a5"

$model
[1] "D"

$warnings
list()

$phases
$phases$setup
$phases$setup$user.self
[1] 0.013

$phases$setup$sys.self
[1] 0.012

$phases$setup$elapsed
[1] 0.052

$phases$setup$completed
[1] TRUE


$phases$compile
$phases$compile$user.self
[1] 0

$phases$compile$sys.self
[1] 0

$phases$compile$elapsed
[1] 0.019

$phases$compile$completed
[1] TRUE


$phases$adapt
$phases$adapt$user.self
[1] 0

$phases$adapt$sys.self
[1] 0

$phases$adapt$elapsed
[1] 0.019

$phases$adapt$completed
[1] TRUE


$phases$burn
$phases$burn$user.self
[1] 0

$phases$burn$sys.self
[1] 0.001

$phases$burn$elapsed
[1] 0.019

$phases$burn$completed
[1] TRUE


$phases$sample
$phases$sample$user.self
[1] 0.315

$phases$sample$sys.self
[1] 0.028

$phases$sample$elapsed
[1] 0.363

$phases$sample$completed
[1] TRUE


$phases$persist_raw
$phases$persist_raw$user.self
[1] 4.127

$phases$persist_raw$sys.self
[1] 0.061

$phases$persist_raw$elapsed
[1] 4.213

$phases$persist_raw$completed
[1] TRUE



$elapsed_seconds
[1] 5.019

$timing_scope
[1] "Internal generation: function entry through raw persistence/error handling; excludes R bootstrap and final result/manifest writes. Supervisor measures the whole generation process; diagnostics have a separate clock."

$posterior_or_model_validated
[1] FALSE

PASS D success-phase-order 
PASS D phase-times-inclusive-internal-total 
PASS D same-compile-args-data-inits 
PASS D unchanged-iteration-and-monitor-args 
PASS D actual-input-files-match-arguments 
PASS D raw-retains-pre-persistence-phases 
PASS D internal-total-labelled-as-partial 
$model
[1] "D"

$status
[1] "computationally_inconclusive"

$paired_verdict
[1] "not_assigned_by_per_model_processor"

$mandatory_targets
[1] 1742

$failed_targets
[1] 726

$undefined_required_targets
[1] 432

$primary_global_failed
[1] "tau.alpha"    "nu.alpha"     "iota.m.alpha" "iota.s.alpha" "chi.m.alpha" 
[6] "chi.s.alpha"  "M_total"      "S_total"     

$elapsed_seconds
[1] 20.99738

$raw_sha256
[1] "6213dc4498c0387f7c677551b6f98b7315dfbced7167449770311590bbb6c1a5"

$contract_sha256
[1] "d17b7f508a7ce87eec3ca71ed7df67666b528c755e005ec9e1299e5ff9deb509"

$shape
iterations     chains 
      2000          4 

$production_approved
[1] FALSE

$G10_approved
[1] FALSE

PASS D ESS-denominator-columns-renamed-only 
PASS D ESS-denominator-exact-internal-total 
PASS D unchanged joint_functionals.csv 
PASS D unchanged class_probabilities.csv 
PASS unchanged-D-secondary-counts 
PASS D same-targets-verdict-no-pair-release 
PASS D synthetic-diagnostic-failures-not-waived 
D setup start setup 
D setup failed_elapsed 0.022 
D setup error SYNTHETIC failure setup 
$status
[1] "error"

$failed_stage
[1] "setup"

$message
[1] "SYNTHETIC failure setup"

$model
[1] "D"

$warnings
list()

$phases
$phases$setup
$phases$setup$user.self
[1] 0.003

$phases$setup$sys.self
[1] 0.002

$phases$setup$elapsed
[1] 0.022

$phases$setup$completed
[1] FALSE



$elapsed_seconds
[1] 0.024

$timing_scope
[1] "Internal generation: function entry through raw persistence/error handling; excludes R bootstrap and final result/manifest writes. Supervisor measures the whole generation process; diagnostics have a separate clock."

$posterior_or_model_validated
[1] FALSE

PASS partial-error setup 
PASS failure-event-and-result setup 
D setup start setup 
D setup complete 0.048 
D compile start compile 
D compile failed_elapsed 0.019 
D compile error SYNTHETIC failure compile 
$status
[1] "error"

$failed_stage
[1] "compile"

$message
[1] "SYNTHETIC failure compile"

$model
[1] "D"

$warnings
list()

$phases
$phases$setup
$phases$setup$user.self
[1] 0.01

$phases$setup$sys.self
[1] 0.011

$phases$setup$elapsed
[1] 0.048

$phases$setup$completed
[1] TRUE


$phases$compile
$phases$compile$user.self
[1] 0

$phases$compile$sys.self
[1] 0

$phases$compile$elapsed
[1] 0.019

$phases$compile$completed
[1] FALSE



$elapsed_seconds
[1] 0.07

$timing_scope
[1] "Internal generation: function entry through raw persistence/error handling; excludes R bootstrap and final result/manifest writes. Supervisor measures the whole generation process; diagnostics have a separate clock."

$posterior_or_model_validated
[1] FALSE

PASS partial-error compile 
PASS failure-event-and-result compile 
D setup start setup 
D setup complete 0.05 
D compile start compile 
D compile complete 0.019 
D adapt start adapt 
D adapt failed_elapsed 0.018 
D adapt error SYNTHETIC failure adapt 
$status
[1] "error"

$failed_stage
[1] "adapt"

$message
[1] "SYNTHETIC failure adapt"

$model
[1] "D"

$warnings
list()

$phases
$phases$setup
$phases$setup$user.self
[1] 0.012

$phases$setup$sys.self
[1] 0.009

$phases$setup$elapsed
[1] 0.05

$phases$setup$completed
[1] TRUE


$phases$compile
$phases$compile$user.self
[1] 0

$phases$compile$sys.self
[1] 0

$phases$compile$elapsed
[1] 0.019

$phases$compile$completed
[1] TRUE


$phases$adapt
$phases$adapt$user.self
[1] 0

$phases$adapt$sys.self
[1] 0

$phases$adapt$elapsed
[1] 0.018

$phases$adapt$completed
[1] FALSE



$elapsed_seconds
[1] 0.09

$timing_scope
[1] "Internal generation: function entry through raw persistence/error handling; excludes R bootstrap and final result/manifest writes. Supervisor measures the whole generation process; diagnostics have a separate clock."

$posterior_or_model_validated
[1] FALSE

PASS partial-error adapt 
PASS failure-event-and-result adapt 
D setup start setup 
D setup complete 0.045 
D compile start compile 
D compile complete 0.019 
D adapt start adapt 
D adapt complete 0.019 
D adapt adaptation_adequate TRUE 
D burn start burn 
D burn failed_elapsed 0.016 
D burn error SYNTHETIC failure burn 
$status
[1] "error"

$failed_stage
[1] "burn"

$message
[1] "SYNTHETIC failure burn"

$model
[1] "D"

$warnings
list()

$phases
$phases$setup
$phases$setup$user.self
[1] 0.009

$phases$setup$sys.self
[1] 0.009

$phases$setup$elapsed
[1] 0.045

$phases$setup$completed
[1] TRUE


$phases$compile
$phases$compile$user.self
[1] 0.001

$phases$compile$sys.self
[1] 0

$phases$compile$elapsed
[1] 0.019

$phases$compile$completed
[1] TRUE


$phases$adapt
$phases$adapt$user.self
[1] 0

$phases$adapt$sys.self
[1] 0

$phases$adapt$elapsed
[1] 0.019

$phases$adapt$completed
[1] TRUE


$phases$burn
$phases$burn$user.self
[1] 0

$phases$burn$sys.self
[1] 0

$phases$burn$elapsed
[1] 0.016

$phases$burn$completed
[1] FALSE



$elapsed_seconds
[1] 0.103

$timing_scope
[1] "Internal generation: function entry through raw persistence/error handling; excludes R bootstrap and final result/manifest writes. Supervisor measures the whole generation process; diagnostics have a separate clock."

$posterior_or_model_validated
[1] FALSE

PASS partial-error burn 
PASS failure-event-and-result burn 
D setup start setup 
D setup complete 0.046 
D compile start compile 
D compile complete 0.016 
D adapt start adapt 
D adapt complete 0.018 
D adapt adaptation_adequate TRUE 
D burn start burn 
D burn complete 0.018 
D sample start sample 
D sample failed_elapsed 0.019 
D sample error SYNTHETIC failure sample 
$status
[1] "error"

$failed_stage
[1] "sample"

$message
[1] "SYNTHETIC failure sample"

$model
[1] "D"

$warnings
list()

$phases
$phases$setup
$phases$setup$user.self
[1] 0.01

$phases$setup$sys.self
[1] 0.01

$phases$setup$elapsed
[1] 0.046

$phases$setup$completed
[1] TRUE


$phases$compile
$phases$compile$user.self
[1] 0

$phases$compile$sys.self
[1] 0

$phases$compile$elapsed
[1] 0.016

$phases$compile$completed
[1] TRUE


$phases$adapt
$phases$adapt$user.self
[1] 0

$phases$adapt$sys.self
[1] 0

$phases$adapt$elapsed
[1] 0.018

$phases$adapt$completed
[1] TRUE


$phases$burn
$phases$burn$user.self
[1] 0

$phases$burn$sys.self
[1] 0

$phases$burn$elapsed
[1] 0.018

$phases$burn$completed
[1] TRUE


$phases$sample
$phases$sample$user.self
[1] 0

$phases$sample$sys.self
[1] 0

$phases$sample$elapsed
[1] 0.019

$phases$sample$completed
[1] FALSE



$elapsed_seconds
[1] 0.124

$timing_scope
[1] "Internal generation: function entry through raw persistence/error handling; excludes R bootstrap and final result/manifest writes. Supervisor measures the whole generation process; diagnostics have a separate clock."

$posterior_or_model_validated
[1] FALSE

PASS partial-error sample 
PASS failure-event-and-result sample 
D setup start setup 
D setup complete 0.048 
D compile start compile 
D compile complete 0.019 
D adapt start adapt 
D adapt complete 0.018 
D adapt adaptation_adequate TRUE 
D burn start burn 
D burn complete 0.019 
D sample start sample 
D sample complete 0.361 
D persist_raw start persist_raw 
D persist_raw failed_elapsed 4.26 
D persist_raw error SYNTHETIC failure persist_raw 
$status
[1] "error"

$failed_stage
[1] "persist_raw"

$message
[1] "SYNTHETIC failure persist_raw"

$model
[1] "D"

$warnings
list()

$phases
$phases$setup
$phases$setup$user.self
[1] 0.012

$phases$setup$sys.self
[1] 0.01

$phases$setup$elapsed
[1] 0.048

$phases$setup$completed
[1] TRUE


$phases$compile
$phases$compile$user.self
[1] 0

$phases$compile$sys.self
[1] 0

$phases$compile$elapsed
[1] 0.019

$phases$compile$completed
[1] TRUE


$phases$adapt
$phases$adapt$user.self
[1] 0

$phases$adapt$sys.self
[1] 0

$phases$adapt$elapsed
[1] 0.018

$phases$adapt$completed
[1] TRUE


$phases$burn
$phases$burn$user.self
[1] 0

$phases$burn$sys.self
[1] 0

$phases$burn$elapsed
[1] 0.019

$phases$burn$completed
[1] TRUE


$phases$sample
$phases$sample$user.self
[1] 0.318

$phases$sample$sys.self
[1] 0.02

$phases$sample$elapsed
[1] 0.361

$phases$sample$completed
[1] TRUE


$phases$persist_raw
$phases$persist_raw$user.self
[1] 4.178

$phases$persist_raw$sys.self
[1] 0.06

$phases$persist_raw$elapsed
[1] 4.26

$phases$persist_raw$completed
[1] FALSE



$elapsed_seconds
[1] 4.733

$timing_scope
[1] "Internal generation: function entry through raw persistence/error handling; excludes R bootstrap and final result/manifest writes. Supervisor measures the whole generation process; diagnostics have a separate clock."

$posterior_or_model_validated
[1] FALSE

PASS partial-error persist_raw 
PASS failure-event-and-result persist_raw 
A setup start setup 
A setup warning cannot open compressed file 'quality_reports/results/mebane_gates/coordination/2026-09-30_ad_study/data/run-20260930T235038Z-pid61600/dc2010_ad_data.rds.missing', probable reason 'No such file or directory' 
A setup failed_elapsed 0.002 
A setup error cannot open the connection 
$status
[1] "error"

$failed_stage
[1] "setup"

$message
[1] "cannot open the connection"

$model
[1] "A"

$warnings
$warnings[[1]]
$warnings[[1]]$stage
[1] "setup"

$warnings[[1]]$message
[1] "cannot open compressed file 'quality_reports/results/mebane_gates/coordination/2026-09-30_ad_study/data/run-20260930T235038Z-pid61600/dc2010_ad_data.rds.missing', probable reason 'No such file or directory'"



$phases
$phases$setup
$phases$setup$user.self
[1] 0.002

$phases$setup$sys.self
[1] 0

$phases$setup$elapsed
[1] 0.002

$phases$setup$completed
[1] FALSE



$elapsed_seconds
[1] 0.003

$timing_scope
[1] "Internal generation: function entry through raw persistence/error handling; excludes R bootstrap and final result/manifest writes. Supervisor measures the whole generation process; diagnostics have a separate clock."

$posterior_or_model_validated
[1] FALSE

PASS input-read-error-is-setup-with-partial-time 
PASS 49 delta checks; no MCMC; prior draws reused
