$model
[1] "A"

$status
[1] "computationally_inconclusive"

$paired_verdict
[1] "not_assigned_by_per_model_processor"

$mandatory_targets
[1] 2171

$failed_targets
[1] 1597

$undefined_required_targets
[1] 408

$primary_global_failed
 [1] "pi[1]"        "pi[2]"        "tau.alpha"    "iota.m.alpha" "iota.s.alpha"
 [6] "chi.m.alpha"  "chi.s.alpha"  "tb"           "imb"          "isb"         
[11] "cmb"          "csb"          "M_total"      "S_total"     

$elapsed_seconds
[1] 199.1409

$raw_sha256
[1] "19d8afcb832433feb573569eac28a9a03764f91938d4f5c7ccb264f971db74cd"

$contract_sha256
[1] "fb4a296c9bf0af25812d7d8dd2ab63340fe10d4e73e806e64b5dba3f7dcf481a"

$shape
iterations     chains 
     20000          4 

$production_approved
[1] FALSE

$G10_approved
[1] FALSE

