A setup start setup 
A setup complete 0.742 
A compile start compile 
A compile complete 0.219 
A adapt start adapt 
A adapt complete 12.007 
A adapt adaptation_adequate TRUE 
A burn start burn 
A burn complete 58.853 
A sample start sample 
A sample complete 243.865 
A persist_raw start persist_raw 
A persist_raw complete 63.028 
$status
[1] "sampled_not_diagnosed"

$adaptation_adequate
[1] TRUE

$chains
[1] 4

$iterations
[1] 20000 20000 20000 20000

$raw_sha256
[1] "19d8afcb832433feb573569eac28a9a03764f91938d4f5c7ccb264f971db74cd"

$model
[1] "A"

$warnings
list()

$phases
$phases$setup
$phases$setup$user.self
[1] 0.106

$phases$setup$sys.self
[1] 0.026

$phases$setup$elapsed
[1] 0.742

$phases$setup$completed
[1] TRUE


$phases$compile
$phases$compile$user.self
[1] 0.215

$phases$compile$sys.self
[1] 0.004

$phases$compile$elapsed
[1] 0.219

$phases$compile$completed
[1] TRUE


$phases$adapt
$phases$adapt$user.self
[1] 11.927

$phases$adapt$sys.self
[1] 0.07

$phases$adapt$elapsed
[1] 12.007

$phases$adapt$completed
[1] TRUE


$phases$burn
$phases$burn$user.self
[1] 58.472

$phases$burn$sys.self
[1] 0.352

$phases$burn$elapsed
[1] 58.853

$phases$burn$completed
[1] TRUE


$phases$sample
$phases$sample$user.self
[1] 239.681

$phases$sample$sys.self
[1] 3.886

$phases$sample$elapsed
[1] 243.865

$phases$sample$completed
[1] TRUE


$phases$persist_raw
$phases$persist_raw$user.self
[1] 61.764

$phases$persist_raw$sys.self
[1] 0.917

$phases$persist_raw$elapsed
[1] 63.028

$phases$persist_raw$completed
[1] TRUE



$elapsed_seconds
[1] 382.06

$timing_scope
[1] "Internal generation: function entry through raw persistence/error handling; excludes R bootstrap and final result/manifest writes. Supervisor measures the whole generation process; diagnostics have a separate clock."

$posterior_or_model_validated
[1] FALSE

