$model
[1] "D"

$status
[1] "computationally_inconclusive"

$paired_verdict
[1] "not_assigned_by_per_model_processor"

$mandatory_targets
[1] 1742

$failed_targets
[1] 995

$undefined_required_targets
[1] 352

$primary_global_failed
 [1] "pi[1]"        "pi[2]"        "tau.alpha"    "iota.m.alpha" "iota.s.alpha"
 [6] "chi.m.alpha"  "chi.s.alpha"  "imb"          "isb"          "cmb"         
[11] "csb"          "M_total"      "S_total"     

$elapsed_seconds
[1] 195.1788

$raw_sha256
[1] "37630c67bc47c5efb3c1f5e126444ff448fa13956cf2b8b764472b010fde588f"

$contract_sha256
[1] "fb4a296c9bf0af25812d7d8dd2ab63340fe10d4e73e806e64b5dba3f7dcf481a"

$shape
iterations     chains 
     20000          4 

$production_approved
[1] FALSE

$G10_approved
[1] FALSE

