D setup start setup 
D setup complete 0.125 
D compile start compile 
D compile complete 0.227 
D adapt start adapt 
D adapt complete 7.753 
D adapt adaptation_adequate TRUE 
D burn start burn 
D burn complete 38.923 
D sample start sample 
D sample complete 163.905 
D persist_raw start persist_raw 
D persist_raw complete 43.596 
$status
[1] "sampled_not_diagnosed"

$adaptation_adequate
[1] TRUE

$chains
[1] 4

$iterations
[1] 20000 20000 20000 20000

$raw_sha256
[1] "37630c67bc47c5efb3c1f5e126444ff448fa13956cf2b8b764472b010fde588f"

$model
[1] "D"

$warnings
list()

$phases
$phases$setup
$phases$setup$user.self
[1] 0.092

$phases$setup$sys.self
[1] 0.016

$phases$setup$elapsed
[1] 0.125

$phases$setup$completed
[1] TRUE


$phases$compile
$phases$compile$user.self
[1] 0.225

$phases$compile$sys.self
[1] 0.002

$phases$compile$elapsed
[1] 0.227

$phases$compile$completed
[1] TRUE


$phases$adapt
$phases$adapt$user.self
[1] 7.702

$phases$adapt$sys.self
[1] 0.044

$phases$adapt$elapsed
[1] 7.753

$phases$adapt$completed
[1] TRUE


$phases$burn
$phases$burn$user.self
[1] 38.693

$phases$burn$sys.self
[1] 0.221

$phases$burn$elapsed
[1] 38.923

$phases$burn$completed
[1] TRUE


$phases$sample
$phases$sample$user.self
[1] 160.596

$phases$sample$sys.self
[1] 3.241

$phases$sample$elapsed
[1] 163.905

$phases$sample$completed
[1] TRUE


$phases$persist_raw
$phases$persist_raw$user.self
[1] 42.637

$phases$persist_raw$sys.self
[1] 0.856

$phases$persist_raw$elapsed
[1] 43.596

$phases$persist_raw$completed
[1] TRUE



$elapsed_seconds
[1] 257.907

$timing_scope
[1] "Internal generation: function entry through raw persistence/error handling; excludes R bootstrap and final result/manifest writes. Supervisor measures the whole generation process; diagnostics have a separate clock."

$posterior_or_model_validated
[1] FALSE

