Compiling model graph
   Resolving undeclared variables
   Allocating nodes
Graph information:
   Observed stochastic nodes: 30
   Unobserved stochastic nodes: 4
   Total graph size: 113

Initializing model

$runtime_success
[1] TRUE

$phase
[1] "completed"

$error
NULL

$physical_invalid_draws
[1] 0

$pW_range
[1] 0 0

$unique_Z
[1] 1

$case
$case$id
[1] "inactive_four_counts_updates"

$case$Z
[1] 1

$case$free
[1] "all_counts"

$case$init
[1] 0


$warnings
character(0)

$source_sha256
[1] "f8360126424b7a463f76a1c99efc89a8a5cb81339213bd4931559f14595fbab6"

$JAGS
[1] "4.3.2"

$data_fixed_nodes
 [1] "N"            "n"            "a"            "w"            "Z"           
 [6] "pi.aux1"      "pi.aux2"      "pi.aux3"      "Xa"           "Xw"          
[11] "X.iota.m"     "X.iota.s"     "X.chi.m"      "X.chi.s"      "dxa"         
[16] "dxw"          "dx.iota.m"    "dx.iota.s"    "dx.chi.m"     "dx.chi.s"    
[21] "beta.tau1"    "tau.alpha"    "beta.nu1"     "nu.alpha"     "beta.iota.m1"
[26] "iota.m.alpha" "beta.iota.s1" "iota.s.alpha" "beta.chi.m1"  "chi.m.alpha" 
[31] "beta.chi.s1"  "chi.s.alpha"  "tb"           "nb"           "imb"         
[36] "isb"          "cmb"          "csb"          "th"           "nh"          
[41] "imh"          "ish"          "cmh"          "csh"         

$free_latent_nodes
[1] "N.iota.m" "N.iota.s" "N.chi.m"  "N.chi.s" 

$missing_response_nodes
character(0)

$init_nodes
[1] ".RNG.name" ".RNG.seed" "N.iota.m"  "N.iota.s"  "N.chi.m"   "N.chi.s"  

$scope
[1] "unchanged integral source, conditioned graph; no unconditional hierarchy validation; errors are preserved observations"

