[[1]]
[[1]]$path
[1] "quality_reports/results/mebane_gates/coordination/2026-09-30_ad_study/contract_v2.json"

[[1]]$snapshot
[1] "quality_reports/results/mebane_gates/coordination/2026-09-30_ad_study/comparison_checks02/generation_timeout_comparison/consumed_sources/quality_reports/results/mebane_gates/coordination/2026-09-30_ad_study/contract_v2.json"

[[1]]$bytes
[1] 15010

[[1]]$sha256
[1] "d17b7f508a7ce87eec3ca71ed7df67666b528c755e005ec9e1299e5ff9deb509"


[[2]]
[[2]]$path
[1] "quality_reports/results/mebane_gates/coordination/2026-09-30_ad_study/data/run-20260930T235038Z-pid61600/dc2010_ad_data.rds"

[[2]]$snapshot
[1] "quality_reports/results/mebane_gates/coordination/2026-09-30_ad_study/comparison_checks02/generation_timeout_comparison/consumed_sources/quality_reports/results/mebane_gates/coordination/2026-09-30_ad_study/data/run-20260930T235038Z-pid61600/dc2010_ad_data.rds"

[[2]]$bytes
[1] 2539

[[2]]$sha256
[1] "b2ef611dabb751f9286acbaae841a23c34948ed0a4b6306364cbe94d9d24903e"


[[3]]
[[3]]$path
[1] "R/experimental/mebane_ad/io.R"

[[3]]$snapshot
[1] "quality_reports/results/mebane_gates/coordination/2026-09-30_ad_study/comparison_checks02/generation_timeout_comparison/consumed_sources/R/experimental/mebane_ad/io.R"

[[3]]$bytes
[1] 2627

[[3]]$sha256
[1] "913803dc29f9784d756ab9a1834b2a96b8201d754957dbd9f65286674b4abb2d"


[[4]]
[[4]]$path
[1] "R/experimental/mebane_ad/compare_runs.R"

[[4]]$snapshot
[1] "quality_reports/results/mebane_gates/coordination/2026-09-30_ad_study/comparison_checks02/generation_timeout_comparison/consumed_sources/R/experimental/mebane_ad/compare_runs.R"

[[4]]$bytes
[1] 16236

[[4]]$sha256
[1] "ba835f6244341f26e425a4173f53edb1457162820dc0deed0649ea1cf2bae81f"


[[5]]
[[5]]$path
[1] "quality_reports/results/mebane_gates/coordination/2026-09-30_ad_study/comparison_checks02/generation_timeout/execution.json"

[[5]]$snapshot
[1] "quality_reports/results/mebane_gates/coordination/2026-09-30_ad_study/comparison_checks02/generation_timeout_comparison/consumed_sources/quality_reports/results/mebane_gates/coordination/2026-09-30_ad_study/comparison_checks02/generation_timeout/execution.json"

[[5]]$bytes
[1] 24

[[5]]$sha256
[1] "efa82530f0281abdf7bff98dbf617ee4427f964100fa5fe3f2e8673792b268cf"


[[6]]
[[6]]$path
[1] "quality_reports/results/mebane_gates/coordination/2026-09-30_ad_study/comparison_checks02/generation_timeout/A/run_result.json"

[[6]]$snapshot
[1] "quality_reports/results/mebane_gates/coordination/2026-09-30_ad_study/comparison_checks02/generation_timeout_comparison/consumed_sources/quality_reports/results/mebane_gates/coordination/2026-09-30_ad_study/comparison_checks02/generation_timeout/A/run_result.json"

[[6]]$bytes
[1] 368

[[6]]$sha256
[1] "65fb8956a63436da30870d6cf9b8deb6788b33ae574ab669d2d55b495b9854ba"


[[7]]
[[7]]$path
[1] "quality_reports/results/mebane_gates/coordination/2026-09-30_ad_study/comparison_checks02/generation_timeout/A_diagnostics/diagnostic_result.json"

[[7]]$snapshot
[1] "quality_reports/results/mebane_gates/coordination/2026-09-30_ad_study/comparison_checks02/generation_timeout_comparison/consumed_sources/quality_reports/results/mebane_gates/coordination/2026-09-30_ad_study/comparison_checks02/generation_timeout/A_diagnostics/diagnostic_result.json"

[[7]]$bytes
[1] 158

[[7]]$sha256
[1] "340e16fe0f2913be0234c9cf4dd6ec83e129a4b748f338b1fdedde63bb5b281d"


[[8]]
[[8]]$path
[1] "quality_reports/results/mebane_gates/coordination/2026-09-30_ad_study/comparison_checks02/generation_timeout/A_diagnostics/diagnostics.csv"

[[8]]$snapshot
[1] "quality_reports/results/mebane_gates/coordination/2026-09-30_ad_study/comparison_checks02/generation_timeout_comparison/consumed_sources/quality_reports/results/mebane_gates/coordination/2026-09-30_ad_study/comparison_checks02/generation_timeout/A_diagnostics/diagnostics.csv"

[[8]]$bytes
[1] 202

[[8]]$sha256
[1] "ea2f300a261fe635ce8a6620b641b2dc26178d4b1176157acad3f4b8e0fc3207"


[[9]]
[[9]]$path
[1] "quality_reports/results/mebane_gates/coordination/2026-09-30_ad_study/comparison_checks02/generation_timeout/A_diagnostics/class_probabilities.csv"

[[9]]$snapshot
[1] "quality_reports/results/mebane_gates/coordination/2026-09-30_ad_study/comparison_checks02/generation_timeout_comparison/consumed_sources/quality_reports/results/mebane_gates/coordination/2026-09-30_ad_study/comparison_checks02/generation_timeout/A_diagnostics/class_probabilities.csv"

[[9]]$bytes
[1] 112

[[9]]$sha256
[1] "ba856126453f264a0df4def34b7dcd30793250e421c368b6bcc5c948873098e1"


[[10]]
[[10]]$path
[1] "quality_reports/results/mebane_gates/coordination/2026-09-30_ad_study/comparison_checks02/generation_timeout/A_supervisor.json"

[[10]]$snapshot
[1] "quality_reports/results/mebane_gates/coordination/2026-09-30_ad_study/comparison_checks02/generation_timeout_comparison/consumed_sources/quality_reports/results/mebane_gates/coordination/2026-09-30_ad_study/comparison_checks02/generation_timeout/A_supervisor.json"

[[10]]$bytes
[1] 280

[[10]]$sha256
[1] "6663999a9ebeb56c0b80b75abdee1c680072b98bb777a048f5adc760b11309b6"


[[11]]
[[11]]$path
[1] "quality_reports/results/mebane_gates/coordination/2026-09-30_ad_study/comparison_checks02/generation_timeout/A_diagnostics_supervisor.json"

[[11]]$snapshot
[1] "quality_reports/results/mebane_gates/coordination/2026-09-30_ad_study/comparison_checks02/generation_timeout_comparison/consumed_sources/quality_reports/results/mebane_gates/coordination/2026-09-30_ad_study/comparison_checks02/generation_timeout/A_diagnostics_supervisor.json"

[[11]]$bytes
[1] 279

[[11]]$sha256
[1] "dd37786ee9e5dab01e811a3bfa644a5dfadb0ad7f63887ff1a636c6301a9ed8c"


[[12]]
[[12]]$path
[1] "quality_reports/results/mebane_gates/coordination/2026-09-30_ad_study/comparison_checks02/generation_timeout/A/manifest.json"

[[12]]$snapshot
[1] "quality_reports/results/mebane_gates/coordination/2026-09-30_ad_study/comparison_checks02/generation_timeout_comparison/consumed_sources/quality_reports/results/mebane_gates/coordination/2026-09-30_ad_study/comparison_checks02/generation_timeout/A/manifest.json"

[[12]]$bytes
[1] 381

[[12]]$sha256
[1] "1ea8d4ec0008232263a9f1e7cd6d4afae0ff761628f5a1cc4eb25ee553edd57f"


[[13]]
[[13]]$path
[1] "quality_reports/results/mebane_gates/coordination/2026-09-30_ad_study/comparison_checks02/generation_timeout/A_diagnostics/manifest.json"

[[13]]$snapshot
[1] "quality_reports/results/mebane_gates/coordination/2026-09-30_ad_study/comparison_checks02/generation_timeout_comparison/consumed_sources/quality_reports/results/mebane_gates/coordination/2026-09-30_ad_study/comparison_checks02/generation_timeout/A_diagnostics/manifest.json"

[[13]]$bytes
[1] 952

[[13]]$sha256
[1] "5b98f80e77c17f6d4cd037d7697791666a6f9fc79852626c52bf5e376c98925e"


[[14]]
[[14]]$path
[1] "quality_reports/results/mebane_gates/coordination/2026-09-30_ad_study/comparison_checks02/generation_timeout/D/run_result.json"

[[14]]$snapshot
[1] "quality_reports/results/mebane_gates/coordination/2026-09-30_ad_study/comparison_checks02/generation_timeout_comparison/consumed_sources/quality_reports/results/mebane_gates/coordination/2026-09-30_ad_study/comparison_checks02/generation_timeout/D/run_result.json"

[[14]]$bytes
[1] 368

[[14]]$sha256
[1] "65fb8956a63436da30870d6cf9b8deb6788b33ae574ab669d2d55b495b9854ba"


[[15]]
[[15]]$path
[1] "quality_reports/results/mebane_gates/coordination/2026-09-30_ad_study/comparison_checks02/generation_timeout/D_diagnostics/diagnostic_result.json"

[[15]]$snapshot
[1] "quality_reports/results/mebane_gates/coordination/2026-09-30_ad_study/comparison_checks02/generation_timeout_comparison/consumed_sources/quality_reports/results/mebane_gates/coordination/2026-09-30_ad_study/comparison_checks02/generation_timeout/D_diagnostics/diagnostic_result.json"

[[15]]$bytes
[1] 158

[[15]]$sha256
[1] "340e16fe0f2913be0234c9cf4dd6ec83e129a4b748f338b1fdedde63bb5b281d"


[[16]]
[[16]]$path
[1] "quality_reports/results/mebane_gates/coordination/2026-09-30_ad_study/comparison_checks02/generation_timeout/D_diagnostics/diagnostics.csv"

[[16]]$snapshot
[1] "quality_reports/results/mebane_gates/coordination/2026-09-30_ad_study/comparison_checks02/generation_timeout_comparison/consumed_sources/quality_reports/results/mebane_gates/coordination/2026-09-30_ad_study/comparison_checks02/generation_timeout/D_diagnostics/diagnostics.csv"

[[16]]$bytes
[1] 202

[[16]]$sha256
[1] "ea2f300a261fe635ce8a6620b641b2dc26178d4b1176157acad3f4b8e0fc3207"


[[17]]
[[17]]$path
[1] "quality_reports/results/mebane_gates/coordination/2026-09-30_ad_study/comparison_checks02/generation_timeout/D_diagnostics/class_probabilities.csv"

[[17]]$snapshot
[1] "quality_reports/results/mebane_gates/coordination/2026-09-30_ad_study/comparison_checks02/generation_timeout_comparison/consumed_sources/quality_reports/results/mebane_gates/coordination/2026-09-30_ad_study/comparison_checks02/generation_timeout/D_diagnostics/class_probabilities.csv"

[[17]]$bytes
[1] 112

[[17]]$sha256
[1] "ba856126453f264a0df4def34b7dcd30793250e421c368b6bcc5c948873098e1"


[[18]]
[[18]]$path
[1] "quality_reports/results/mebane_gates/coordination/2026-09-30_ad_study/comparison_checks02/generation_timeout/D_supervisor.json"

[[18]]$snapshot
[1] "quality_reports/results/mebane_gates/coordination/2026-09-30_ad_study/comparison_checks02/generation_timeout_comparison/consumed_sources/quality_reports/results/mebane_gates/coordination/2026-09-30_ad_study/comparison_checks02/generation_timeout/D_supervisor.json"

[[18]]$bytes
[1] 279

[[18]]$sha256
[1] "1260c20528343dd4e6236e5c66ab106d6d3455a1bfbb3261826076bd6d049730"


[[19]]
[[19]]$path
[1] "quality_reports/results/mebane_gates/coordination/2026-09-30_ad_study/comparison_checks02/generation_timeout/D_diagnostics_supervisor.json"

[[19]]$snapshot
[1] "quality_reports/results/mebane_gates/coordination/2026-09-30_ad_study/comparison_checks02/generation_timeout_comparison/consumed_sources/quality_reports/results/mebane_gates/coordination/2026-09-30_ad_study/comparison_checks02/generation_timeout/D_diagnostics_supervisor.json"

[[19]]$bytes
[1] 279

[[19]]$sha256
[1] "b5bcd9079be65ac12c105b00457aad5163595d3ca77b0ff673a5707b1d61d4fc"


[[20]]
[[20]]$path
[1] "quality_reports/results/mebane_gates/coordination/2026-09-30_ad_study/comparison_checks02/generation_timeout/D/manifest.json"

[[20]]$snapshot
[1] "quality_reports/results/mebane_gates/coordination/2026-09-30_ad_study/comparison_checks02/generation_timeout_comparison/consumed_sources/quality_reports/results/mebane_gates/coordination/2026-09-30_ad_study/comparison_checks02/generation_timeout/D/manifest.json"

[[20]]$bytes
[1] 381

[[20]]$sha256
[1] "f39d1f021f4979635ca1a0f23a58db579b896a71840c3df3bab228e6044a3a3b"


[[21]]
[[21]]$path
[1] "quality_reports/results/mebane_gates/coordination/2026-09-30_ad_study/comparison_checks02/generation_timeout/D_diagnostics/manifest.json"

[[21]]$snapshot
[1] "quality_reports/results/mebane_gates/coordination/2026-09-30_ad_study/comparison_checks02/generation_timeout_comparison/consumed_sources/quality_reports/results/mebane_gates/coordination/2026-09-30_ad_study/comparison_checks02/generation_timeout/D_diagnostics/manifest.json"

[[21]]$bytes
[1] 952

[[21]]$sha256
[1] "fd9d0897fc234615f2e3610af439b9b1356bb81f4870d0af93ae852604509d24"


computationally_inconclusive 
