[[1]]
[[1]]$path
[1] "quality_reports/results/mebane_gates/coordination/2026-09-30_ad_study/contract_v2.json"

[[1]]$snapshot
[1] "quality_reports/results/mebane_gates/coordination/2026-09-30_ad_study/comparison_checks02/no_outputs_comparison/consumed_sources/quality_reports/results/mebane_gates/coordination/2026-09-30_ad_study/contract_v2.json"

[[1]]$bytes
[1] 15010

[[1]]$sha256
[1] "d17b7f508a7ce87eec3ca71ed7df67666b528c755e005ec9e1299e5ff9deb509"


[[2]]
[[2]]$path
[1] "quality_reports/results/mebane_gates/coordination/2026-09-30_ad_study/data/run-20260930T235038Z-pid61600/dc2010_ad_data.rds"

[[2]]$snapshot
[1] "quality_reports/results/mebane_gates/coordination/2026-09-30_ad_study/comparison_checks02/no_outputs_comparison/consumed_sources/quality_reports/results/mebane_gates/coordination/2026-09-30_ad_study/data/run-20260930T235038Z-pid61600/dc2010_ad_data.rds"

[[2]]$bytes
[1] 2539

[[2]]$sha256
[1] "b2ef611dabb751f9286acbaae841a23c34948ed0a4b6306364cbe94d9d24903e"


[[3]]
[[3]]$path
[1] "R/experimental/mebane_ad/io.R"

[[3]]$snapshot
[1] "quality_reports/results/mebane_gates/coordination/2026-09-30_ad_study/comparison_checks02/no_outputs_comparison/consumed_sources/R/experimental/mebane_ad/io.R"

[[3]]$bytes
[1] 2627

[[3]]$sha256
[1] "913803dc29f9784d756ab9a1834b2a96b8201d754957dbd9f65286674b4abb2d"


[[4]]
[[4]]$path
[1] "R/experimental/mebane_ad/compare_runs.R"

[[4]]$snapshot
[1] "quality_reports/results/mebane_gates/coordination/2026-09-30_ad_study/comparison_checks02/no_outputs_comparison/consumed_sources/R/experimental/mebane_ad/compare_runs.R"

[[4]]$bytes
[1] 16236

[[4]]$sha256
[1] "ba835f6244341f26e425a4173f53edb1457162820dc0deed0649ea1cf2bae81f"


[[5]]
[[5]]$path
[1] "quality_reports/results/mebane_gates/coordination/2026-09-30_ad_study/comparison_checks02/no_outputs/execution.json"

[[5]]$snapshot
[1] "quality_reports/results/mebane_gates/coordination/2026-09-30_ad_study/comparison_checks02/no_outputs_comparison/consumed_sources/quality_reports/results/mebane_gates/coordination/2026-09-30_ad_study/comparison_checks02/no_outputs/execution.json"

[[5]]$bytes
[1] 24

[[5]]$sha256
[1] "efa82530f0281abdf7bff98dbf617ee4427f964100fa5fe3f2e8673792b268cf"


[[6]]
[[6]]$path
[1] "quality_reports/results/mebane_gates/coordination/2026-09-30_ad_study/comparison_checks02/no_outputs/A_supervisor.json"

[[6]]$snapshot
[1] "quality_reports/results/mebane_gates/coordination/2026-09-30_ad_study/comparison_checks02/no_outputs_comparison/consumed_sources/quality_reports/results/mebane_gates/coordination/2026-09-30_ad_study/comparison_checks02/no_outputs/A_supervisor.json"

[[6]]$bytes
[1] 272

[[6]]$sha256
[1] "607b9e6bc4b97fdf95cfbe6e4509dda48c6b7bae2d61844b0b13aa62c6222a0a"


[[7]]
[[7]]$path
[1] "quality_reports/results/mebane_gates/coordination/2026-09-30_ad_study/comparison_checks02/no_outputs/A_diagnostics_supervisor.json"

[[7]]$snapshot
[1] "quality_reports/results/mebane_gates/coordination/2026-09-30_ad_study/comparison_checks02/no_outputs_comparison/consumed_sources/quality_reports/results/mebane_gates/coordination/2026-09-30_ad_study/comparison_checks02/no_outputs/A_diagnostics_supervisor.json"

[[7]]$bytes
[1] 271

[[7]]$sha256
[1] "c6633ffea938def5908e5e9de04cb9d0e996699fd02ac0e9fde54c37ea8c2f7b"


[[8]]
[[8]]$path
[1] "quality_reports/results/mebane_gates/coordination/2026-09-30_ad_study/comparison_checks02/no_outputs/D_supervisor.json"

[[8]]$snapshot
[1] "quality_reports/results/mebane_gates/coordination/2026-09-30_ad_study/comparison_checks02/no_outputs_comparison/consumed_sources/quality_reports/results/mebane_gates/coordination/2026-09-30_ad_study/comparison_checks02/no_outputs/D_supervisor.json"

[[8]]$bytes
[1] 272

[[8]]$sha256
[1] "da4f16b079c8fb0e5cffb7055b5ab8cfca6ee2e68570be04d529164a85118c61"


[[9]]
[[9]]$path
[1] "quality_reports/results/mebane_gates/coordination/2026-09-30_ad_study/comparison_checks02/no_outputs/D_diagnostics_supervisor.json"

[[9]]$snapshot
[1] "quality_reports/results/mebane_gates/coordination/2026-09-30_ad_study/comparison_checks02/no_outputs_comparison/consumed_sources/quality_reports/results/mebane_gates/coordination/2026-09-30_ad_study/comparison_checks02/no_outputs/D_diagnostics_supervisor.json"

[[9]]$bytes
[1] 271

[[9]]$sha256
[1] "c9946b7f17d90f0e99fd422632ac532a326d478c685e382d0595f505af114718"


computationally_inconclusive 
