[[1]]
[[1]]$path
[1] "quality_reports/results/mebane_gates/coordination/2026-09-30_ad_study/contract_v2.json"

[[1]]$snapshot
[1] "quality_reports/results/mebane_gates/coordination/2026-09-30_ad_study/comparison_checks02/success_comparison/consumed_sources/quality_reports/results/mebane_gates/coordination/2026-09-30_ad_study/contract_v2.json"

[[1]]$bytes
[1] 15010

[[1]]$sha256
[1] "d17b7f508a7ce87eec3ca71ed7df67666b528c755e005ec9e1299e5ff9deb509"


[[2]]
[[2]]$path
[1] "quality_reports/results/mebane_gates/coordination/2026-09-30_ad_study/data/run-20260930T235038Z-pid61600/dc2010_ad_data.rds"

[[2]]$snapshot
[1] "quality_reports/results/mebane_gates/coordination/2026-09-30_ad_study/comparison_checks02/success_comparison/consumed_sources/quality_reports/results/mebane_gates/coordination/2026-09-30_ad_study/data/run-20260930T235038Z-pid61600/dc2010_ad_data.rds"

[[2]]$bytes
[1] 2539

[[2]]$sha256
[1] "b2ef611dabb751f9286acbaae841a23c34948ed0a4b6306364cbe94d9d24903e"


[[3]]
[[3]]$path
[1] "R/experimental/mebane_ad/io.R"

[[3]]$snapshot
[1] "quality_reports/results/mebane_gates/coordination/2026-09-30_ad_study/comparison_checks02/success_comparison/consumed_sources/R/experimental/mebane_ad/io.R"

[[3]]$bytes
[1] 2627

[[3]]$sha256
[1] "913803dc29f9784d756ab9a1834b2a96b8201d754957dbd9f65286674b4abb2d"


[[4]]
[[4]]$path
[1] "R/experimental/mebane_ad/compare_runs.R"

[[4]]$snapshot
[1] "quality_reports/results/mebane_gates/coordination/2026-09-30_ad_study/comparison_checks02/success_comparison/consumed_sources/R/experimental/mebane_ad/compare_runs.R"

[[4]]$bytes
[1] 16236

[[4]]$sha256
[1] "ba835f6244341f26e425a4173f53edb1457162820dc0deed0649ea1cf2bae81f"


[[5]]
[[5]]$path
[1] "quality_reports/results/mebane_gates/coordination/2026-09-30_ad_study/comparison_checks02/success/execution.json"

[[5]]$snapshot
[1] "quality_reports/results/mebane_gates/coordination/2026-09-30_ad_study/comparison_checks02/success_comparison/consumed_sources/quality_reports/results/mebane_gates/coordination/2026-09-30_ad_study/comparison_checks02/success/execution.json"

[[5]]$bytes
[1] 24

[[5]]$sha256
[1] "efa82530f0281abdf7bff98dbf617ee4427f964100fa5fe3f2e8673792b268cf"


[[6]]
[[6]]$path
[1] "quality_reports/results/mebane_gates/coordination/2026-09-30_ad_study/comparison_checks02/success/A/run_result.json"

[[6]]$snapshot
[1] "quality_reports/results/mebane_gates/coordination/2026-09-30_ad_study/comparison_checks02/success_comparison/consumed_sources/quality_reports/results/mebane_gates/coordination/2026-09-30_ad_study/comparison_checks02/success/A/run_result.json"

[[6]]$bytes
[1] 368

[[6]]$sha256
[1] "65fb8956a63436da30870d6cf9b8deb6788b33ae574ab669d2d55b495b9854ba"


[[7]]
[[7]]$path
[1] "quality_reports/results/mebane_gates/coordination/2026-09-30_ad_study/comparison_checks02/success/A_diagnostics/diagnostic_result.json"

[[7]]$snapshot
[1] "quality_reports/results/mebane_gates/coordination/2026-09-30_ad_study/comparison_checks02/success_comparison/consumed_sources/quality_reports/results/mebane_gates/coordination/2026-09-30_ad_study/comparison_checks02/success/A_diagnostics/diagnostic_result.json"

[[7]]$bytes
[1] 158

[[7]]$sha256
[1] "340e16fe0f2913be0234c9cf4dd6ec83e129a4b748f338b1fdedde63bb5b281d"


[[8]]
[[8]]$path
[1] "quality_reports/results/mebane_gates/coordination/2026-09-30_ad_study/comparison_checks02/success/A_diagnostics/diagnostics.csv"

[[8]]$snapshot
[1] "quality_reports/results/mebane_gates/coordination/2026-09-30_ad_study/comparison_checks02/success_comparison/consumed_sources/quality_reports/results/mebane_gates/coordination/2026-09-30_ad_study/comparison_checks02/success/A_diagnostics/diagnostics.csv"

[[8]]$bytes
[1] 202

[[8]]$sha256
[1] "ea2f300a261fe635ce8a6620b641b2dc26178d4b1176157acad3f4b8e0fc3207"


[[9]]
[[9]]$path
[1] "quality_reports/results/mebane_gates/coordination/2026-09-30_ad_study/comparison_checks02/success/A_diagnostics/class_probabilities.csv"

[[9]]$snapshot
[1] "quality_reports/results/mebane_gates/coordination/2026-09-30_ad_study/comparison_checks02/success_comparison/consumed_sources/quality_reports/results/mebane_gates/coordination/2026-09-30_ad_study/comparison_checks02/success/A_diagnostics/class_probabilities.csv"

[[9]]$bytes
[1] 112

[[9]]$sha256
[1] "ba856126453f264a0df4def34b7dcd30793250e421c368b6bcc5c948873098e1"


[[10]]
[[10]]$path
[1] "quality_reports/results/mebane_gates/coordination/2026-09-30_ad_study/comparison_checks02/success/A_supervisor.json"

[[10]]$snapshot
[1] "quality_reports/results/mebane_gates/coordination/2026-09-30_ad_study/comparison_checks02/success_comparison/consumed_sources/quality_reports/results/mebane_gates/coordination/2026-09-30_ad_study/comparison_checks02/success/A_supervisor.json"

[[10]]$bytes
[1] 269

[[10]]$sha256
[1] "ce7953c73b0f0213a7824a8de64866dff292d5c2a67430da244d4cdd7ab513f5"


[[11]]
[[11]]$path
[1] "quality_reports/results/mebane_gates/coordination/2026-09-30_ad_study/comparison_checks02/success/A_diagnostics_supervisor.json"

[[11]]$snapshot
[1] "quality_reports/results/mebane_gates/coordination/2026-09-30_ad_study/comparison_checks02/success_comparison/consumed_sources/quality_reports/results/mebane_gates/coordination/2026-09-30_ad_study/comparison_checks02/success/A_diagnostics_supervisor.json"

[[11]]$bytes
[1] 268

[[11]]$sha256
[1] "c27cdaa5dc294d20bcb89d737ae73e5c1d0c5c0eeb9f386aaff093c31861369d"


[[12]]
[[12]]$path
[1] "quality_reports/results/mebane_gates/coordination/2026-09-30_ad_study/comparison_checks02/success/A/manifest.json"

[[12]]$snapshot
[1] "quality_reports/results/mebane_gates/coordination/2026-09-30_ad_study/comparison_checks02/success_comparison/consumed_sources/quality_reports/results/mebane_gates/coordination/2026-09-30_ad_study/comparison_checks02/success/A/manifest.json"

[[12]]$bytes
[1] 370

[[12]]$sha256
[1] "611016a6633cf51d9c8254320f876e811fdeeeee47a8a04ffc558bf4bdc8a297"


[[13]]
[[13]]$path
[1] "quality_reports/results/mebane_gates/coordination/2026-09-30_ad_study/comparison_checks02/success/A_diagnostics/manifest.json"

[[13]]$snapshot
[1] "quality_reports/results/mebane_gates/coordination/2026-09-30_ad_study/comparison_checks02/success_comparison/consumed_sources/quality_reports/results/mebane_gates/coordination/2026-09-30_ad_study/comparison_checks02/success/A_diagnostics/manifest.json"

[[13]]$bytes
[1] 919

[[13]]$sha256
[1] "2572a9c46dcb3eed23a29bd57114b0b8de746df2f3fd35eae40d80b72abd8d79"


[[14]]
[[14]]$path
[1] "quality_reports/results/mebane_gates/coordination/2026-09-30_ad_study/comparison_checks02/success/D/run_result.json"

[[14]]$snapshot
[1] "quality_reports/results/mebane_gates/coordination/2026-09-30_ad_study/comparison_checks02/success_comparison/consumed_sources/quality_reports/results/mebane_gates/coordination/2026-09-30_ad_study/comparison_checks02/success/D/run_result.json"

[[14]]$bytes
[1] 368

[[14]]$sha256
[1] "65fb8956a63436da30870d6cf9b8deb6788b33ae574ab669d2d55b495b9854ba"


[[15]]
[[15]]$path
[1] "quality_reports/results/mebane_gates/coordination/2026-09-30_ad_study/comparison_checks02/success/D_diagnostics/diagnostic_result.json"

[[15]]$snapshot
[1] "quality_reports/results/mebane_gates/coordination/2026-09-30_ad_study/comparison_checks02/success_comparison/consumed_sources/quality_reports/results/mebane_gates/coordination/2026-09-30_ad_study/comparison_checks02/success/D_diagnostics/diagnostic_result.json"

[[15]]$bytes
[1] 158

[[15]]$sha256
[1] "340e16fe0f2913be0234c9cf4dd6ec83e129a4b748f338b1fdedde63bb5b281d"


[[16]]
[[16]]$path
[1] "quality_reports/results/mebane_gates/coordination/2026-09-30_ad_study/comparison_checks02/success/D_diagnostics/diagnostics.csv"

[[16]]$snapshot
[1] "quality_reports/results/mebane_gates/coordination/2026-09-30_ad_study/comparison_checks02/success_comparison/consumed_sources/quality_reports/results/mebane_gates/coordination/2026-09-30_ad_study/comparison_checks02/success/D_diagnostics/diagnostics.csv"

[[16]]$bytes
[1] 202

[[16]]$sha256
[1] "ea2f300a261fe635ce8a6620b641b2dc26178d4b1176157acad3f4b8e0fc3207"


[[17]]
[[17]]$path
[1] "quality_reports/results/mebane_gates/coordination/2026-09-30_ad_study/comparison_checks02/success/D_diagnostics/class_probabilities.csv"

[[17]]$snapshot
[1] "quality_reports/results/mebane_gates/coordination/2026-09-30_ad_study/comparison_checks02/success_comparison/consumed_sources/quality_reports/results/mebane_gates/coordination/2026-09-30_ad_study/comparison_checks02/success/D_diagnostics/class_probabilities.csv"

[[17]]$bytes
[1] 112

[[17]]$sha256
[1] "ba856126453f264a0df4def34b7dcd30793250e421c368b6bcc5c948873098e1"


[[18]]
[[18]]$path
[1] "quality_reports/results/mebane_gates/coordination/2026-09-30_ad_study/comparison_checks02/success/D_supervisor.json"

[[18]]$snapshot
[1] "quality_reports/results/mebane_gates/coordination/2026-09-30_ad_study/comparison_checks02/success_comparison/consumed_sources/quality_reports/results/mebane_gates/coordination/2026-09-30_ad_study/comparison_checks02/success/D_supervisor.json"

[[18]]$bytes
[1] 269

[[18]]$sha256
[1] "1ca90e05e3f7b425acc5e8b5b9e3005a8797af3f812f757835ffb1fee0de9698"


[[19]]
[[19]]$path
[1] "quality_reports/results/mebane_gates/coordination/2026-09-30_ad_study/comparison_checks02/success/D_diagnostics_supervisor.json"

[[19]]$snapshot
[1] "quality_reports/results/mebane_gates/coordination/2026-09-30_ad_study/comparison_checks02/success_comparison/consumed_sources/quality_reports/results/mebane_gates/coordination/2026-09-30_ad_study/comparison_checks02/success/D_diagnostics_supervisor.json"

[[19]]$bytes
[1] 268

[[19]]$sha256
[1] "4b27625712b533a18f931d61eb20a85d8386a98d0f45315ac15c952141f819b7"


[[20]]
[[20]]$path
[1] "quality_reports/results/mebane_gates/coordination/2026-09-30_ad_study/comparison_checks02/success/D/manifest.json"

[[20]]$snapshot
[1] "quality_reports/results/mebane_gates/coordination/2026-09-30_ad_study/comparison_checks02/success_comparison/consumed_sources/quality_reports/results/mebane_gates/coordination/2026-09-30_ad_study/comparison_checks02/success/D/manifest.json"

[[20]]$bytes
[1] 370

[[20]]$sha256
[1] "52c186c9814df38199fca4f15754cf041f6dc0b17ef21820f7ea67e4b38ee122"


[[21]]
[[21]]$path
[1] "quality_reports/results/mebane_gates/coordination/2026-09-30_ad_study/comparison_checks02/success/D_diagnostics/manifest.json"

[[21]]$snapshot
[1] "quality_reports/results/mebane_gates/coordination/2026-09-30_ad_study/comparison_checks02/success_comparison/consumed_sources/quality_reports/results/mebane_gates/coordination/2026-09-30_ad_study/comparison_checks02/success/D_diagnostics/manifest.json"

[[21]]$bytes
[1] 919

[[21]]$sha256
[1] "f3e8bf0e90103ba702f5d3f301de895900138687b6c1e2043d3a161ab7ce6229"


exploratory-comparison-only 
