
method = sample (Default)
  sample
    num_samples = 2000
    num_warmup = 2000
    save_warmup = true
    thin = 1 (Default)
    adapt
      engaged = true (Default)
      gamma = 0.05 (Default)
      delta = 0.99
      kappa = 0.75 (Default)
      t0 = 10 (Default)
      init_buffer = 75 (Default)
      term_buffer = 50 (Default)
      window = 25 (Default)
      save_metric = true
    algorithm = hmc (Default)
      hmc
        engine = nuts (Default)
          nuts
            max_depth = 12
        metric = diag_e (Default)
        metric_file =  (Default)
        stepsize = 1 (Default)
        stepsize_jitter = 0 (Default)
    num_chains = 1 (Default)
id = 3
data
  file = /Users/manoelgaldino/Documents/DCP/Papers/electoralFraud/quality_reports/results/mebane_gates/coordination/2026-10-01_ad_long_stan/stan_impl/run-20261001T105406Z-attempt03-01a0f4b5/preparation/data.json
init = /Users/manoelgaldino/Documents/DCP/Papers/electoralFraud/quality_reports/results/mebane_gates/coordination/2026-10-01_ad_long_stan/stan_impl/run-20261001T105406Z-attempt03-01a0f4b5/preparation/init_chain3.json
random
  seed = 1001261
output
  file = /Users/manoelgaldino/Documents/DCP/Papers/electoralFraud/quality_reports/results/mebane_gates/coordination/2026-10-01_ad_long_stan/stan2k01/csv/D_Stan-3.csv
  diagnostic_file =  (Default)
  refresh = 200
  sig_figs = 17
  profile_file = /Users/manoelgaldino/Documents/DCP/Papers/electoralFraud/quality_reports/results/mebane_gates/coordination/2026-10-01_ad_long_stan/stan2k01/csv/d_multinomial-profile-3.csv
  save_cmdstan_config = true
num_threads = 1 (Default)


Gradient evaluation took 0.000678 seconds
1000 transitions using 10 leapfrog steps per transition would take 6.78 seconds.
Adjust your expectations accordingly!


Iteration:    1 / 4000 [  0%]  (Warmup)
Iteration:  200 / 4000 [  5%]  (Warmup)
Iteration:  400 / 4000 [ 10%]  (Warmup)
Iteration:  600 / 4000 [ 15%]  (Warmup)
Iteration:  800 / 4000 [ 20%]  (Warmup)
Iteration: 1000 / 4000 [ 25%]  (Warmup)
Iteration: 1200 / 4000 [ 30%]  (Warmup)
Iteration: 1400 / 4000 [ 35%]  (Warmup)
Iteration: 1600 / 4000 [ 40%]  (Warmup)
Iteration: 1800 / 4000 [ 45%]  (Warmup)
Iteration: 2000 / 4000 [ 50%]  (Warmup)
Iteration: 2001 / 4000 [ 50%]  (Sampling)
Iteration: 2200 / 4000 [ 55%]  (Sampling)
Iteration: 2400 / 4000 [ 60%]  (Sampling)
Iteration: 2600 / 4000 [ 65%]  (Sampling)
Iteration: 2800 / 4000 [ 70%]  (Sampling)
Iteration: 3000 / 4000 [ 75%]  (Sampling)
Iteration: 3200 / 4000 [ 80%]  (Sampling)
Iteration: 3400 / 4000 [ 85%]  (Sampling)
Iteration: 3600 / 4000 [ 90%]  (Sampling)
Iteration: 3800 / 4000 [ 95%]  (Sampling)
Iteration: 4000 / 4000 [100%]  (Sampling)

 Elapsed Time: 381.962 seconds (Warm-up)
               416.615 seconds (Sampling)
               798.577 seconds (Total)

