Running MCMC with 4 sequential chains...

Chain 1 Iteration:    1 / 4000 [  0%]  (Warmup) 
Chain 1 Iteration:  200 / 4000 [  5%]  (Warmup) 
Chain 1 Iteration:  400 / 4000 [ 10%]  (Warmup) 
Chain 1 Iteration:  600 / 4000 [ 15%]  (Warmup) 
Chain 1 Iteration:  800 / 4000 [ 20%]  (Warmup) 
Chain 1 Iteration: 1000 / 4000 [ 25%]  (Warmup) 
Chain 1 Iteration: 1200 / 4000 [ 30%]  (Warmup) 
Chain 1 Iteration: 1400 / 4000 [ 35%]  (Warmup) 
Chain 1 Iteration: 1600 / 4000 [ 40%]  (Warmup) 
Chain 1 Iteration: 1800 / 4000 [ 45%]  (Warmup) 
Chain 1 Iteration: 2000 / 4000 [ 50%]  (Warmup) 
Chain 1 Iteration: 2001 / 4000 [ 50%]  (Sampling) 
Chain 1 Iteration: 2200 / 4000 [ 55%]  (Sampling) 
Chain 1 Iteration: 2400 / 4000 [ 60%]  (Sampling) 
Chain 1 Iteration: 2600 / 4000 [ 65%]  (Sampling) 
Chain 1 Iteration: 2800 / 4000 [ 70%]  (Sampling) 
Chain 1 Iteration: 3000 / 4000 [ 75%]  (Sampling) 
Chain 1 Iteration: 3200 / 4000 [ 80%]  (Sampling) 
Chain 1 Iteration: 3400 / 4000 [ 85%]  (Sampling) 
Chain 1 Iteration: 3600 / 4000 [ 90%]  (Sampling) 
Chain 1 Iteration: 3800 / 4000 [ 95%]  (Sampling) 
Chain 1 Iteration: 4000 / 4000 [100%]  (Sampling) 
Chain 1 finished in 353.1 seconds.
Chain 2 Iteration:    1 / 4000 [  0%]  (Warmup) 
Chain 2 Iteration:  200 / 4000 [  5%]  (Warmup) 
Chain 2 Iteration:  400 / 4000 [ 10%]  (Warmup) 
Chain 2 Iteration:  600 / 4000 [ 15%]  (Warmup) 
Chain 2 Iteration:  800 / 4000 [ 20%]  (Warmup) 
Chain 2 Iteration: 1000 / 4000 [ 25%]  (Warmup) 
Chain 2 Iteration: 1200 / 4000 [ 30%]  (Warmup) 
Chain 2 Iteration: 1400 / 4000 [ 35%]  (Warmup) 
Chain 2 Iteration: 1600 / 4000 [ 40%]  (Warmup) 
Chain 2 Iteration: 1800 / 4000 [ 45%]  (Warmup) 
Chain 2 Iteration: 2000 / 4000 [ 50%]  (Warmup) 
Chain 2 Iteration: 2001 / 4000 [ 50%]  (Sampling) 
Chain 2 Iteration: 2200 / 4000 [ 55%]  (Sampling) 
Chain 2 Iteration: 2400 / 4000 [ 60%]  (Sampling) 
Chain 2 Iteration: 2600 / 4000 [ 65%]  (Sampling) 
Chain 2 Iteration: 2800 / 4000 [ 70%]  (Sampling) 
Chain 2 Iteration: 3000 / 4000 [ 75%]  (Sampling) 
Chain 2 Iteration: 3200 / 4000 [ 80%]  (Sampling) 
Chain 2 Iteration: 3400 / 4000 [ 85%]  (Sampling) 
Chain 2 Iteration: 3600 / 4000 [ 90%]  (Sampling) 
Chain 2 Iteration: 3800 / 4000 [ 95%]  (Sampling) 
Chain 2 Iteration: 4000 / 4000 [100%]  (Sampling) 
Chain 2 finished in 388.0 seconds.
Chain 3 Iteration:    1 / 4000 [  0%]  (Warmup) 
Chain 3 Iteration:  200 / 4000 [  5%]  (Warmup) 
Chain 3 Iteration:  400 / 4000 [ 10%]  (Warmup) 
Chain 3 Iteration:  600 / 4000 [ 15%]  (Warmup) 
Chain 3 Iteration:  800 / 4000 [ 20%]  (Warmup) 
Chain 3 Iteration: 1000 / 4000 [ 25%]  (Warmup) 
Chain 3 Iteration: 1200 / 4000 [ 30%]  (Warmup) 
Chain 3 Iteration: 1400 / 4000 [ 35%]  (Warmup) 
Chain 3 Iteration: 1600 / 4000 [ 40%]  (Warmup) 
Chain 3 Iteration: 1800 / 4000 [ 45%]  (Warmup) 
Chain 3 Iteration: 2000 / 4000 [ 50%]  (Warmup) 
Chain 3 Iteration: 2001 / 4000 [ 50%]  (Sampling) 
Chain 3 Iteration: 2200 / 4000 [ 55%]  (Sampling) 
Chain 3 Iteration: 2400 / 4000 [ 60%]  (Sampling) 
Chain 3 Iteration: 2600 / 4000 [ 65%]  (Sampling) 
Chain 3 Iteration: 2800 / 4000 [ 70%]  (Sampling) 
Chain 3 Iteration: 3000 / 4000 [ 75%]  (Sampling) 
Chain 3 Iteration: 3200 / 4000 [ 80%]  (Sampling) 
Chain 3 Iteration: 3400 / 4000 [ 85%]  (Sampling) 
Chain 3 Iteration: 3600 / 4000 [ 90%]  (Sampling) 
Chain 3 Iteration: 3800 / 4000 [ 95%]  (Sampling) 
Chain 3 Iteration: 4000 / 4000 [100%]  (Sampling) 
Chain 3 finished in 798.6 seconds.
Chain 4 Iteration:    1 / 4000 [  0%]  (Warmup) 
Chain 4 Iteration:  200 / 4000 [  5%]  (Warmup) 
Chain 4 Iteration:  400 / 4000 [ 10%]  (Warmup) 
Chain 4 Iteration:  600 / 4000 [ 15%]  (Warmup) 
Chain 4 Iteration:  800 / 4000 [ 20%]  (Warmup) 
Chain 4 Iteration: 1000 / 4000 [ 25%]  (Warmup) 
Chain 4 Iteration: 1200 / 4000 [ 30%]  (Warmup) 
Chain 4 Iteration: 1400 / 4000 [ 35%]  (Warmup) 
Chain 4 Iteration: 1600 / 4000 [ 40%]  (Warmup) 
Chain 4 Iteration: 1800 / 4000 [ 45%]  (Warmup) 
Chain 4 Iteration: 2000 / 4000 [ 50%]  (Warmup) 
Chain 4 Iteration: 2001 / 4000 [ 50%]  (Sampling) 
Chain 4 Iteration: 2200 / 4000 [ 55%]  (Sampling) 
Chain 4 Iteration: 2400 / 4000 [ 60%]  (Sampling) 
Chain 4 Iteration: 2600 / 4000 [ 65%]  (Sampling) 
Chain 4 Iteration: 2800 / 4000 [ 70%]  (Sampling) 
Chain 4 Iteration: 3000 / 4000 [ 75%]  (Sampling) 
Chain 4 Iteration: 3200 / 4000 [ 80%]  (Sampling) 
Chain 4 Iteration: 3400 / 4000 [ 85%]  (Sampling) 
Chain 4 Iteration: 3600 / 4000 [ 90%]  (Sampling) 
Chain 4 Iteration: 3800 / 4000 [ 95%]  (Sampling) 
Chain 4 Iteration: 4000 / 4000 [100%]  (Sampling) 
Chain 4 finished in 448.7 seconds.

All 4 chains finished successfully.
Mean chain execution time: 497.1 seconds.
Total execution time: 1988.7 seconds.

