executor_id: 01a0f4b5-4434-7b83-91b9-69ced11b40ba 
Stan source SHA256: b38de93ef22b826233f35898b5d3becfae1fb46df774ead065b8d4133c127c9b 

--- Translating Stan model to C++ code ---
bin/stanc --name='d_multinomial_model' --o=/Users/manoelgaldino/Documents/DCP/Papers/electoralFraud/quality_reports/results/mebane_gates/coordination/2026-10-01_ad_long_stan/stan_impl/run-20261001T105406Z-attempt03-01a0f4b5/tmp/RtmpYOeviT/model-115aa34ed9e82.hpp /Users/manoelgaldino/Documents/DCP/Papers/electoralFraud/quality_reports/results/mebane_gates/coordination/2026-10-01_ad_long_stan/stan_impl/run-20261001T105406Z-attempt03-01a0f4b5/tmp/RtmpYOeviT/model-115aa34ed9e82.stan

--- Compiling C++ code ---
clang++ -Wno-deprecated-declarations -std=c++17 -Wno-unknown-warning-option -Wno-tautological-compare -Wno-sign-compare -D_REENTRANT -ffp-contract=off -Wno-ignored-attributes      -I stan/lib/stan_math/lib/tbb_2020.3/include    -O3 -I src -I stan/src -I stan/lib/rapidjson_1.1.0/ -I lib/CLI11-1.9.1/ -I stan/lib/stan_math/ -I stan/lib/stan_math/lib/eigen_3.4.0 -I stan/lib/stan_math/lib/boost_1.87.0 -I stan/lib/stan_math/lib/sundials_6.1.1/include -I stan/lib/stan_math/lib/sundials_6.1.1/src/sundials    -DBOOST_DISABLE_ASSERTS          -c  -x c++ -o /Users/manoelgaldino/Documents/DCP/Papers/electoralFraud/quality_reports/results/mebane_gates/coordination/2026-10-01_ad_long_stan/stan_impl/run-20261001T105406Z-attempt03-01a0f4b5/tmp/RtmpYOeviT/model-115aa34ed9e82.o /Users/manoelgaldino/Documents/DCP/Papers/electoralFraud/quality_reports/results/mebane_gates/coordination/2026-10-01_ad_long_stan/stan_impl/run-20261001T105406Z-attempt03-01a0f4b5/tmp/RtmpYOeviT/model-115aa34ed9e82.hpp

--- Linking model ---
clang++ -Wno-deprecated-declarations -std=c++17 -Wno-unknown-warning-option -Wno-tautological-compare -Wno-sign-compare -D_REENTRANT -ffp-contract=off -Wno-ignored-attributes      -I stan/lib/stan_math/lib/tbb_2020.3/include    -O3 -I src -I stan/src -I stan/lib/rapidjson_1.1.0/ -I lib/CLI11-1.9.1/ -I stan/lib/stan_math/ -I stan/lib/stan_math/lib/eigen_3.4.0 -I stan/lib/stan_math/lib/boost_1.87.0 -I stan/lib/stan_math/lib/sundials_6.1.1/include -I stan/lib/stan_math/lib/sundials_6.1.1/src/sundials    -DBOOST_DISABLE_ASSERTS               -Wl,-L,"/Users/manoelgaldino/.cmdstan/cmdstan-2.37.0/stan/lib/stan_math/lib/tbb"   -Wl,-rpath,"/Users/manoelgaldino/.cmdstan/cmdstan-2.37.0/stan/lib/stan_math/lib/tbb"      /Users/manoelgaldino/Documents/DCP/Papers/electoralFraud/quality_reports/results/mebane_gates/coordination/2026-10-01_ad_long_stan/stan_impl/run-20261001T105406Z-attempt03-01a0f4b5/tmp/RtmpYOeviT/model-115aa34ed9e82.o src/cmdstan/main.o       -ltbb   stan/lib/stan_math/lib/sundials_6.1.1/lib/libsundials_nvecserial.a stan/lib/stan_math/lib/sundials_6.1.1/lib/libsundials_cvodes.a stan/lib/stan_math/lib/sundials_6.1.1/lib/libsundials_idas.a stan/lib/stan_math/lib/sundials_6.1.1/lib/libsundials_kinsol.a  stan/lib/stan_math/lib/tbb/libtbb.dylib stan/lib/stan_math/lib/tbb/libtbbmalloc.dylib stan/lib/stan_math/lib/tbb/libtbbmalloc_proxy.dylib -o /Users/manoelgaldino/Documents/DCP/Papers/electoralFraud/quality_reports/results/mebane_gates/coordination/2026-10-01_ad_long_stan/stan_impl/run-20261001T105406Z-attempt03-01a0f4b5/tmp/RtmpYOeviT/model-115aa34ed9e82
rm /Users/manoelgaldino/Documents/DCP/Papers/electoralFraud/quality_reports/results/mebane_gates/coordination/2026-10-01_ad_long_stan/stan_impl/run-20261001T105406Z-attempt03-01a0f4b5/tmp/RtmpYOeviT/model-115aa34ed9e82.o /Users/manoelgaldino/Documents/DCP/Papers/electoralFraud/quality_reports/results/mebane_gates/coordination/2026-10-01_ad_long_stan/stan_impl/run-20261001T105406Z-attempt03-01a0f4b5/tmp/RtmpYOeviT/model-115aa34ed9e82.hpp

Generated extern "C" functions 
--------------------------------------------------------


#include <Rcpp.h>
#ifdef RCPP_USE_GLOBAL_ROSTREAM
Rcpp::Rostream<true>&  Rcpp::Rcout = Rcpp::Rcpp_cout_get();
Rcpp::Rostream<false>& Rcpp::Rcerr = Rcpp::Rcpp_cerr_get();
#endif

// model_ptr
Rcpp::List model_ptr(std::string data_path, boost::uint32_t seed);
RcppExport SEXP sourceCpp_1_model_ptr(SEXP data_pathSEXP, SEXP seedSEXP) {
BEGIN_RCPP
    Rcpp::RObject rcpp_result_gen;
    Rcpp::RNGScope rcpp_rngScope_gen;
    Rcpp::traits::input_parameter< std::string >::type data_path(data_pathSEXP);
    Rcpp::traits::input_parameter< boost::uint32_t >::type seed(seedSEXP);
    rcpp_result_gen = Rcpp::wrap(model_ptr(data_path, seed));
    return rcpp_result_gen;
END_RCPP
}
// log_prob
double log_prob(SEXP ext_model_ptr, Eigen::VectorXd upars, bool jac_adjust);
RcppExport SEXP sourceCpp_1_log_prob(SEXP ext_model_ptrSEXP, SEXP uparsSEXP, SEXP jac_adjustSEXP) {
BEGIN_RCPP
    Rcpp::RObject rcpp_result_gen;
    Rcpp::RNGScope rcpp_rngScope_gen;
    Rcpp::traits::input_parameter< SEXP >::type ext_model_ptr(ext_model_ptrSEXP);
    Rcpp::traits::input_parameter< Eigen::VectorXd >::type upars(uparsSEXP);
    Rcpp::traits::input_parameter< bool >::type jac_adjust(jac_adjustSEXP);
    rcpp_result_gen = Rcpp::wrap(log_prob(ext_model_ptr, upars, jac_adjust));
    return rcpp_result_gen;
END_RCPP
}
// grad_log_prob
Rcpp::NumericVector grad_log_prob(SEXP ext_model_ptr, Eigen::VectorXd upars, bool jac_adjust);
RcppExport SEXP sourceCpp_1_grad_log_prob(SEXP ext_model_ptrSEXP, SEXP uparsSEXP, SEXP jac_adjustSEXP) {
BEGIN_RCPP
    Rcpp::RObject rcpp_result_gen;
    Rcpp::RNGScope rcpp_rngScope_gen;
    Rcpp::traits::input_parameter< SEXP >::type ext_model_ptr(ext_model_ptrSEXP);
    Rcpp::traits::input_parameter< Eigen::VectorXd >::type upars(uparsSEXP);
    Rcpp::traits::input_parameter< bool >::type jac_adjust(jac_adjustSEXP);
    rcpp_result_gen = Rcpp::wrap(grad_log_prob(ext_model_ptr, upars, jac_adjust));
    return rcpp_result_gen;
END_RCPP
}
// hessian
Rcpp::List hessian(SEXP ext_model_ptr, Eigen::VectorXd upars, bool jacobian);
RcppExport SEXP sourceCpp_1_hessian(SEXP ext_model_ptrSEXP, SEXP uparsSEXP, SEXP jacobianSEXP) {
BEGIN_RCPP
    Rcpp::RObject rcpp_result_gen;
    Rcpp::RNGScope rcpp_rngScope_gen;
    Rcpp::traits::input_parameter< SEXP >::type ext_model_ptr(ext_model_ptrSEXP);
    Rcpp::traits::input_parameter< Eigen::VectorXd >::type upars(uparsSEXP);
    Rcpp::traits::input_parameter< bool >::type jacobian(jacobianSEXP);
    rcpp_result_gen = Rcpp::wrap(hessian(ext_model_ptr, upars, jacobian));
    return rcpp_result_gen;
END_RCPP
}
// get_num_upars
size_t get_num_upars(SEXP ext_model_ptr);
RcppExport SEXP sourceCpp_1_get_num_upars(SEXP ext_model_ptrSEXP) {
BEGIN_RCPP
    Rcpp::RObject rcpp_result_gen;
    Rcpp::RNGScope rcpp_rngScope_gen;
    Rcpp::traits::input_parameter< SEXP >::type ext_model_ptr(ext_model_ptrSEXP);
    rcpp_result_gen = Rcpp::wrap(get_num_upars(ext_model_ptr));
    return rcpp_result_gen;
END_RCPP
}
// get_param_metadata
Rcpp::List get_param_metadata(SEXP ext_model_ptr);
RcppExport SEXP sourceCpp_1_get_param_metadata(SEXP ext_model_ptrSEXP) {
BEGIN_RCPP
    Rcpp::RObject rcpp_result_gen;
    Rcpp::RNGScope rcpp_rngScope_gen;
    Rcpp::traits::input_parameter< SEXP >::type ext_model_ptr(ext_model_ptrSEXP);
    rcpp_result_gen = Rcpp::wrap(get_param_metadata(ext_model_ptr));
    return rcpp_result_gen;
END_RCPP
}
// unconstrain_variables
Eigen::VectorXd unconstrain_variables(SEXP ext_model_ptr, Eigen::VectorXd variables);
RcppExport SEXP sourceCpp_1_unconstrain_variables(SEXP ext_model_ptrSEXP, SEXP variablesSEXP) {
BEGIN_RCPP
    Rcpp::RObject rcpp_result_gen;
    Rcpp::RNGScope rcpp_rngScope_gen;
    Rcpp::traits::input_parameter< SEXP >::type ext_model_ptr(ext_model_ptrSEXP);
    Rcpp::traits::input_parameter< Eigen::VectorXd >::type variables(variablesSEXP);
    rcpp_result_gen = Rcpp::wrap(unconstrain_variables(ext_model_ptr, variables));
    return rcpp_result_gen;
END_RCPP
}
// unconstrain_draws
Rcpp::List unconstrain_draws(SEXP ext_model_ptr, Eigen::MatrixXd variables);
RcppExport SEXP sourceCpp_1_unconstrain_draws(SEXP ext_model_ptrSEXP, SEXP variablesSEXP) {
BEGIN_RCPP
    Rcpp::RObject rcpp_result_gen;
    Rcpp::RNGScope rcpp_rngScope_gen;
    Rcpp::traits::input_parameter< SEXP >::type ext_model_ptr(ext_model_ptrSEXP);
    Rcpp::traits::input_parameter< Eigen::MatrixXd >::type variables(variablesSEXP);
    rcpp_result_gen = Rcpp::wrap(unconstrain_draws(ext_model_ptr, variables));
    return rcpp_result_gen;
END_RCPP
}
// constrain_variables
std::vector<double> constrain_variables(SEXP ext_model_ptr, SEXP base_rng, std::vector<double> upars, bool return_trans_pars, bool return_gen_quants);
RcppExport SEXP sourceCpp_1_constrain_variables(SEXP ext_model_ptrSEXP, SEXP base_rngSEXP, SEXP uparsSEXP, SEXP return_trans_parsSEXP, SEXP return_gen_quantsSEXP) {
BEGIN_RCPP
    Rcpp::RObject rcpp_result_gen;
    Rcpp::RNGScope rcpp_rngScope_gen;
    Rcpp::traits::input_parameter< SEXP >::type ext_model_ptr(ext_model_ptrSEXP);
    Rcpp::traits::input_parameter< SEXP >::type base_rng(base_rngSEXP);
    Rcpp::traits::input_parameter< std::vector<double> >::type upars(uparsSEXP);
    Rcpp::traits::input_parameter< bool >::type return_trans_pars(return_trans_parsSEXP);
    Rcpp::traits::input_parameter< bool >::type return_gen_quants(return_gen_quantsSEXP);
    rcpp_result_gen = Rcpp::wrap(constrain_variables(ext_model_ptr, base_rng, upars, return_trans_pars, return_gen_quants));
    return rcpp_result_gen;
END_RCPP
}
// unconstrained_param_names
std::vector<std::string> unconstrained_param_names(SEXP ext_model_ptr, bool return_trans_pars, bool return_gen_quants);
RcppExport SEXP sourceCpp_1_unconstrained_param_names(SEXP ext_model_ptrSEXP, SEXP return_trans_parsSEXP, SEXP return_gen_quantsSEXP) {
BEGIN_RCPP
    Rcpp::RObject rcpp_result_gen;
    Rcpp::RNGScope rcpp_rngScope_gen;
    Rcpp::traits::input_parameter< SEXP >::type ext_model_ptr(ext_model_ptrSEXP);
    Rcpp::traits::input_parameter< bool >::type return_trans_pars(return_trans_parsSEXP);
    Rcpp::traits::input_parameter< bool >::type return_gen_quants(return_gen_quantsSEXP);
    rcpp_result_gen = Rcpp::wrap(unconstrained_param_names(ext_model_ptr, return_trans_pars, return_gen_quants));
    return rcpp_result_gen;
END_RCPP
}
// constrained_param_names
std::vector<std::string> constrained_param_names(SEXP ext_model_ptr, bool return_trans_pars, bool return_gen_quants);
RcppExport SEXP sourceCpp_1_constrained_param_names(SEXP ext_model_ptrSEXP, SEXP return_trans_parsSEXP, SEXP return_gen_quantsSEXP) {
BEGIN_RCPP
    Rcpp::RObject rcpp_result_gen;
    Rcpp::RNGScope rcpp_rngScope_gen;
    Rcpp::traits::input_parameter< SEXP >::type ext_model_ptr(ext_model_ptrSEXP);
    Rcpp::traits::input_parameter< bool >::type return_trans_pars(return_trans_parsSEXP);
    Rcpp::traits::input_parameter< bool >::type return_gen_quants(return_gen_quantsSEXP);
    rcpp_result_gen = Rcpp::wrap(constrained_param_names(ext_model_ptr, return_trans_pars, return_gen_quants));
    return rcpp_result_gen;
END_RCPP
}

Generated R functions 
-------------------------------------------------------

`.sourceCpp_1_DLLInfo` <- dyn.load('/Users/manoelgaldino/Documents/DCP/Papers/electoralFraud/quality_reports/results/mebane_gates/coordination/2026-10-01_ad_long_stan/stan_impl/run-20261001T105406Z-attempt03-01a0f4b5/tmp/RtmpYOeviT/sourceCpp-aarch64-apple-darwin20-1.1.1/sourcecpp_115aa10ddd9e4/sourceCpp_2.so')

model_ptr <- Rcpp:::sourceCppFunction(function(data_path, seed) {}, FALSE, `.sourceCpp_1_DLLInfo`, 'sourceCpp_1_model_ptr')
log_prob <- Rcpp:::sourceCppFunction(function(ext_model_ptr, upars, jac_adjust) {}, FALSE, `.sourceCpp_1_DLLInfo`, 'sourceCpp_1_log_prob')
grad_log_prob <- Rcpp:::sourceCppFunction(function(ext_model_ptr, upars, jac_adjust) {}, FALSE, `.sourceCpp_1_DLLInfo`, 'sourceCpp_1_grad_log_prob')
hessian <- Rcpp:::sourceCppFunction(function(ext_model_ptr, upars, jacobian) {}, FALSE, `.sourceCpp_1_DLLInfo`, 'sourceCpp_1_hessian')
get_num_upars <- Rcpp:::sourceCppFunction(function(ext_model_ptr) {}, FALSE, `.sourceCpp_1_DLLInfo`, 'sourceCpp_1_get_num_upars')
get_param_metadata <- Rcpp:::sourceCppFunction(function(ext_model_ptr) {}, FALSE, `.sourceCpp_1_DLLInfo`, 'sourceCpp_1_get_param_metadata')
unconstrain_variables <- Rcpp:::sourceCppFunction(function(ext_model_ptr, variables) {}, FALSE, `.sourceCpp_1_DLLInfo`, 'sourceCpp_1_unconstrain_variables')
unconstrain_draws <- Rcpp:::sourceCppFunction(function(ext_model_ptr, variables) {}, FALSE, `.sourceCpp_1_DLLInfo`, 'sourceCpp_1_unconstrain_draws')
constrain_variables <- Rcpp:::sourceCppFunction(function(ext_model_ptr, base_rng, upars, return_trans_pars, return_gen_quants) {}, FALSE, `.sourceCpp_1_DLLInfo`, 'sourceCpp_1_constrain_variables')
unconstrained_param_names <- Rcpp:::sourceCppFunction(function(ext_model_ptr, return_trans_pars, return_gen_quants) {}, FALSE, `.sourceCpp_1_DLLInfo`, 'sourceCpp_1_unconstrained_param_names')
constrained_param_names <- Rcpp:::sourceCppFunction(function(ext_model_ptr, return_trans_pars, return_gen_quants) {}, FALSE, `.sourceCpp_1_DLLInfo`, 'sourceCpp_1_constrained_param_names')

rm(`.sourceCpp_1_DLLInfo`)

Building shared library
--------------------------------------------------------

DIR: /Users/manoelgaldino/Documents/DCP/Papers/electoralFraud/quality_reports/results/mebane_gates/coordination/2026-10-01_ad_long_stan/stan_impl/run-20261001T105406Z-attempt03-01a0f4b5/tmp/RtmpYOeviT/sourceCpp-aarch64-apple-darwin20-1.1.1/sourcecpp_115aa10ddd9e4

/Library/Frameworks/R.framework/Resources/bin/R CMD SHLIB -o 'sourceCpp_2.so' 'file115aa1d372ad8.cpp' 
using C++ compiler: 'Apple clang version 16.0.0 (clang-1600.0.26.6)'
using SDK: 'MacOSX15.2.sdk'
clang++ -arch arm64 -std=gnu++17 -I"/Library/Frameworks/R.framework/Resources/include" -DNDEBUG -DBOOST_DISABLE_ASSERTS  -I"/Users/manoelgaldino/Library/Caches/org.R-project.R/R/renv/cache/v5/macos/R-4.4/aarch64-apple-darwin20/Rcpp/1.1.1/60df6f11cbeffbf9d50ad0852867f6b6/Rcpp/include" -I"/Users/manoelgaldino/Documents/DCP/Papers/electoralFraud/quality_reports/results/mebane_gates/coordination/2026-10-01_ad_long_stan/stan_impl/run-20261001T105406Z-attempt03-01a0f4b5/tmp/RtmpYOeviT/sourceCpp-aarch64-apple-darwin20-1.1.1" -I/opt/R/arm64/include   -Wno-deprecated-declarations -std=c++17 -Wno-unknown-warning-option -Wno-tautological-compare -Wno-sign-compare -D_REENTRANT -ffp-contract=off -Wno-ignored-attributes -I'/Users/manoelgaldino/.cmdstan/cmdstan-2.37.0/stan/lib/stan_math/lib/tbb_2020.3/include' -O3 -I'/Users/manoelgaldino/.cmdstan/cmdstan-2.37.0/src' -I'/Users/manoelgaldino/.cmdstan/cmdstan-2.37.0/stan/src' -I'/Users/manoelgaldino/.cmdstan/cmdstan-2.37.0/stan/lib/rapidjson_1.1.0/' -I'/Users/manoelgaldino/.cmdstan/cmdstan-2.37.0/lib/CLI11-1.9.1/' -I'/Users/manoelgaldino/.cmdstan/cmdstan-2.37.0/stan/lib/stan_math/' -I'/Users/manoelgaldino/.cmdstan/cmdstan-2.37.0/stan/lib/stan_math/lib/eigen_3.4.0' -I'/Users/manoelgaldino/.cmdstan/cmdstan-2.37.0/stan/lib/stan_math/lib/boost_1.87.0' -I'/Users/manoelgaldino/.cmdstan/cmdstan-2.37.0/stan/lib/stan_math/lib/sundials_6.1.1/include' -I'/Users/manoelgaldino/.cmdstan/cmdstan-2.37.0/stan/lib/stan_math/lib/sundials_6.1.1/src/sundials' -I"/Library/Frameworks/R.framework/Versions/4.4-arm64/Resources/library/cmdstanr/include" -fPIC  -falign-functions=64 -Wall -g -O2   -c file115aa1d372ad8.cpp -o file115aa1d372ad8.o
In file included from file115aa1d372ad8.cpp:2:
In file included from /Users/manoelgaldino/.cmdstan/cmdstan-2.37.0/stan/src/stan/model/model_header.hpp:4:
In file included from /Users/manoelgaldino/.cmdstan/cmdstan-2.37.0/stan/src/stan/model/model_base.hpp:8:
In file included from /Users/manoelgaldino/.cmdstan/cmdstan-2.37.0/stan/lib/stan_math/stan/math/rev/core.hpp:4:
In file included from /Users/manoelgaldino/.cmdstan/cmdstan-2.37.0/stan/lib/stan_math/stan/math/rev/core/accumulate_adjoints.hpp:4:
In file included from /Users/manoelgaldino/.cmdstan/cmdstan-2.37.0/stan/lib/stan_math/stan/math/prim/meta.hpp:72:
In file included from /Users/manoelgaldino/.cmdstan/cmdstan-2.37.0/stan/lib/stan_math/stan/math/prim/meta/append_return_type.hpp:4:
In file included from /Users/manoelgaldino/.cmdstan/cmdstan-2.37.0/stan/lib/stan_math/stan/math/prim/fun/Eigen.hpp:33:
In file included from /Users/manoelgaldino/.cmdstan/cmdstan-2.37.0/stan/lib/stan_math/lib/eigen_3.4.0/Eigen/Sparse:26:
In file included from /Users/manoelgaldino/.cmdstan/cmdstan-2.37.0/stan/lib/stan_math/lib/eigen_3.4.0/Eigen/SparseCore:61:
/Users/manoelgaldino/.cmdstan/cmdstan-2.37.0/stan/lib/stan_math/lib/eigen_3.4.0/Eigen/src/SparseCore/TriangularSolver.h:273:13: warning: variable 'count' set but not used [-Wunused-but-set-variable]
  273 |       Index count = 0;
      |             ^
In file included from file115aa1d372ad8.cpp:2:
In file included from /Users/manoelgaldino/.cmdstan/cmdstan-2.37.0/stan/src/stan/model/model_header.hpp:4:
In file included from /Users/manoelgaldino/.cmdstan/cmdstan-2.37.0/stan/src/stan/model/model_base.hpp:8:
In file included from /Users/manoelgaldino/.cmdstan/cmdstan-2.37.0/stan/lib/stan_math/stan/math/rev/core.hpp:4:
In file included from /Users/manoelgaldino/.cmdstan/cmdstan-2.37.0/stan/lib/stan_math/stan/math/rev/core/accumulate_adjoints.hpp:4:
In file included from /Users/manoelgaldino/.cmdstan/cmdstan-2.37.0/stan/lib/stan_math/stan/math/prim/meta.hpp:72:
In file included from /Users/manoelgaldino/.cmdstan/cmdstan-2.37.0/stan/lib/stan_math/stan/math/prim/meta/append_return_type.hpp:4:
In file included from /Users/manoelgaldino/.cmdstan/cmdstan-2.37.0/stan/lib/stan_math/stan/math/prim/fun/Eigen.hpp:33:
In file included from /Users/manoelgaldino/.cmdstan/cmdstan-2.37.0/stan/lib/stan_math/lib/eigen_3.4.0/Eigen/Sparse:29:
In file included from /Users/manoelgaldino/.cmdstan/cmdstan-2.37.0/stan/lib/stan_math/lib/eigen_3.4.0/Eigen/SparseLU:35:
/Users/manoelgaldino/.cmdstan/cmdstan-2.37.0/stan/lib/stan_math/lib/eigen_3.4.0/Eigen/src/SparseLU/SparseLU_heap_relax_snode.h:78:9: warning: variable 'nsuper_et_post' set but not used [-Wunused-but-set-variable]
   78 |   Index nsuper_et_post = 0; // Number of relaxed snodes in postordered etree 
      |         ^
/Users/manoelgaldino/.cmdstan/cmdstan-2.37.0/stan/lib/stan_math/lib/eigen_3.4.0/Eigen/src/SparseLU/SparseLU_heap_relax_snode.h:79:9: warning: variable 'nsuper_et' set but not used [-Wunused-but-set-variable]
   79 |   Index nsuper_et = 0; // Number of relaxed snodes in the original etree 
      |         ^
In file included from file115aa1d372ad8.cpp:2:
In file included from /Users/manoelgaldino/.cmdstan/cmdstan-2.37.0/stan/src/stan/model/model_header.hpp:13:
In file included from /Users/manoelgaldino/.cmdstan/cmdstan-2.37.0/stan/src/stan/model/indexing.hpp:13:
In file included from /Users/manoelgaldino/.cmdstan/cmdstan-2.37.0/stan/src/stan/model/indexing/rvalue_varmat.hpp:7:
/Users/manoelgaldino/.cmdstan/cmdstan-2.37.0/stan/src/stan/model/indexing/rvalue.hpp:516:22: warning: unused variable 'rows' [-Wunused-variable]
  516 |   const Eigen::Index rows = row_idx.ns_.size();
      |                      ^~~~
/Users/manoelgaldino/.cmdstan/cmdstan-2.37.0/stan/src/stan/model/indexing/rvalue.hpp:517:22: warning: unused variable 'cols' [-Wunused-variable]
  517 |   const Eigen::Index cols = col_idx.ns_.size();
      |                      ^~~~
5 warnings generated.
clang++ -arch arm64 -std=gnu++17 -dynamiclib -Wl,-headerpad_max_install_names -undefined dynamic_lookup -L/Library/Frameworks/R.framework/Resources/lib -L/opt/R/arm64/lib -o sourceCpp_2.so file115aa1d372ad8.o -ltbb /Users/manoelgaldino/.cmdstan/cmdstan-2.37.0/stan/lib/stan_math/lib/tbb/libtbb.dylib /Users/manoelgaldino/.cmdstan/cmdstan-2.37.0/stan/lib/stan_math/lib/tbb/libtbbmalloc.dylib /Users/manoelgaldino/.cmdstan/cmdstan-2.37.0/stan/lib/stan_math/lib/tbb/libtbbmalloc_proxy.dylib -Wl,-L,/Users/manoelgaldino/.cmdstan/cmdstan-2.37.0/stan/lib/stan_math/lib/tbb -Wl,-rpath,/Users/manoelgaldino/.cmdstan/cmdstan-2.37.0/stan/lib/stan_math/lib/tbb /Users/manoelgaldino/.cmdstan/cmdstan-2.37.0/stan/lib/stan_math/lib/sundials_6.1.1/lib/libsundials_nvecserial.a /Users/manoelgaldino/.cmdstan/cmdstan-2.37.0/stan/lib/stan_math/lib/sundials_6.1.1/lib/libsundials_cvodes.a /Users/manoelgaldino/.cmdstan/cmdstan-2.37.0/stan/lib/stan_math/lib/sundials_6.1.1/lib/libsundials_idas.a /Users/manoelgaldino/.cmdstan/cmdstan-2.37.0/stan/lib/stan_math/lib/sundials_6.1.1/lib/libsundials_kinsol.a -F/Library/Frameworks/R.framework/.. -framework R -Wl,-framework -Wl,CoreFoundation
executor_id: 01a0f4b5-4434-7b83-91b9-69ced11b40ba 
source_manifest_sha256: f1ce5cde48a7e2b3ab2aaaf8a409c72ff809adc0d1ff5ba056725c7d955d19f8 
PASS frozen_design_4_serial_2000_2000  
PASS static_prior_variance_and_separate_intercepts  
PASS prior_auxiliary_change_of_variables  
PASS prior_simplex_jacobian_and_partial_not_total_order  
CALL model$expose_functions {"source_sha256":"b38de93ef22b826233f35898b5d3becfae1fb46df774ead065b8d4133c127c9b","global":false,"verbose":true} 

Generated extern "C" functions 
--------------------------------------------------------


#include <Rcpp.h>
#ifdef RCPP_USE_GLOBAL_ROSTREAM
Rcpp::Rostream<true>&  Rcpp::Rcout = Rcpp::Rcpp_cout_get();
Rcpp::Rostream<false>& Rcpp::Rcerr = Rcpp::Rcpp_cerr_get();
#endif

// ad_log_probabilities
Eigen::Matrix<double,-1,1> ad_log_probabilities(const Eigen::Matrix<double,-1,1>& eta, const int& class_id);
RcppExport SEXP sourceCpp_3_ad_log_probabilities(SEXP etaSEXP, SEXP class_idSEXP) {
BEGIN_RCPP
    Rcpp::RObject rcpp_result_gen;
    Rcpp::RNGScope rcpp_rngScope_gen;
    Rcpp::traits::input_parameter< const Eigen::Matrix<double,-1,1>& >::type eta(etaSEXP);
    Rcpp::traits::input_parameter< const int& >::type class_id(class_idSEXP);
    rcpp_result_gen = Rcpp::wrap(ad_log_probabilities(eta, class_id));
    return rcpp_result_gen;
END_RCPP
}
// ad_count_log_lpmf
double ad_count_log_lpmf(const std::vector<int>& y, const Eigen::Matrix<double,-1,1>& log_p);
RcppExport SEXP sourceCpp_3_ad_count_log_lpmf(SEXP ySEXP, SEXP log_pSEXP) {
BEGIN_RCPP
    Rcpp::RObject rcpp_result_gen;
    Rcpp::RNGScope rcpp_rngScope_gen;
    Rcpp::traits::input_parameter< const std::vector<int>& >::type y(ySEXP);
    Rcpp::traits::input_parameter< const Eigen::Matrix<double,-1,1>& >::type log_p(log_pSEXP);
    rcpp_result_gen = Rcpp::wrap(ad_count_log_lpmf(y, log_p));
    return rcpp_result_gen;
END_RCPP
}

Generated R functions 
-------------------------------------------------------

`.sourceCpp_3_DLLInfo` <- dyn.load('/Users/manoelgaldino/Documents/DCP/Papers/electoralFraud/quality_reports/results/mebane_gates/coordination/2026-10-01_ad_long_stan/stan_impl/run-20261001T105406Z-attempt03-01a0f4b5/tmp/RtmpYOeviT/sourceCpp-aarch64-apple-darwin20-1.1.1/sourcecpp_115aa51870d84/sourceCpp_4.so')

ad_log_probabilities <- Rcpp:::sourceCppFunction(function(eta, class_id) {}, FALSE, `.sourceCpp_3_DLLInfo`, 'sourceCpp_3_ad_log_probabilities')
ad_count_log_lpmf <- Rcpp:::sourceCppFunction(function(y, log_p) {}, FALSE, `.sourceCpp_3_DLLInfo`, 'sourceCpp_3_ad_count_log_lpmf')

rm(`.sourceCpp_3_DLLInfo`)

Building shared library
--------------------------------------------------------

DIR: /Users/manoelgaldino/Documents/DCP/Papers/electoralFraud/quality_reports/results/mebane_gates/coordination/2026-10-01_ad_long_stan/stan_impl/run-20261001T105406Z-attempt03-01a0f4b5/tmp/RtmpYOeviT/sourceCpp-aarch64-apple-darwin20-1.1.1/sourcecpp_115aa51870d84

/Library/Frameworks/R.framework/Resources/bin/R CMD SHLIB -o 'sourceCpp_4.so' 'file115aa458d9268.cpp' 
using C++ compiler: 'Apple clang version 16.0.0 (clang-1600.0.26.6)'
using SDK: 'MacOSX15.2.sdk'
clang++ -arch arm64 -std=gnu++17 -I"/Library/Frameworks/R.framework/Resources/include" -DNDEBUG -DBOOST_DISABLE_ASSERTS  -I"/Users/manoelgaldino/Library/Caches/org.R-project.R/R/renv/cache/v5/macos/R-4.4/aarch64-apple-darwin20/Rcpp/1.1.1/60df6f11cbeffbf9d50ad0852867f6b6/Rcpp/include" -I"/Users/manoelgaldino/Documents/DCP/Papers/electoralFraud/quality_reports/results/mebane_gates/coordination/2026-10-01_ad_long_stan/stan_impl/run-20261001T105406Z-attempt03-01a0f4b5/tmp/RtmpYOeviT/sourceCpp-aarch64-apple-darwin20-1.1.1" -I/opt/R/arm64/include   -Wno-deprecated-declarations -std=c++17 -Wno-unknown-warning-option -Wno-tautological-compare -Wno-sign-compare -D_REENTRANT -ffp-contract=off -Wno-ignored-attributes -I'/Users/manoelgaldino/.cmdstan/cmdstan-2.37.0/stan/lib/stan_math/lib/tbb_2020.3/include' -O3 -I'/Users/manoelgaldino/.cmdstan/cmdstan-2.37.0/src' -I'/Users/manoelgaldino/.cmdstan/cmdstan-2.37.0/stan/src' -I'/Users/manoelgaldino/.cmdstan/cmdstan-2.37.0/stan/lib/rapidjson_1.1.0/' -I'/Users/manoelgaldino/.cmdstan/cmdstan-2.37.0/lib/CLI11-1.9.1/' -I'/Users/manoelgaldino/.cmdstan/cmdstan-2.37.0/stan/lib/stan_math/' -I'/Users/manoelgaldino/.cmdstan/cmdstan-2.37.0/stan/lib/stan_math/lib/eigen_3.4.0' -I'/Users/manoelgaldino/.cmdstan/cmdstan-2.37.0/stan/lib/stan_math/lib/boost_1.87.0' -I'/Users/manoelgaldino/.cmdstan/cmdstan-2.37.0/stan/lib/stan_math/lib/sundials_6.1.1/include' -I'/Users/manoelgaldino/.cmdstan/cmdstan-2.37.0/stan/lib/stan_math/lib/sundials_6.1.1/src/sundials' -I"/Library/Frameworks/R.framework/Versions/4.4-arm64/Resources/library/cmdstanr/include" -fPIC  -falign-functions=64 -Wall -g -O2   -c file115aa458d9268.cpp -o file115aa458d9268.o
In file included from file115aa458d9268.cpp:2:
In file included from /Users/manoelgaldino/.cmdstan/cmdstan-2.37.0/stan/src/stan/model/model_header.hpp:4:
In file included from /Users/manoelgaldino/.cmdstan/cmdstan-2.37.0/stan/src/stan/model/model_base.hpp:8:
In file included from /Users/manoelgaldino/.cmdstan/cmdstan-2.37.0/stan/lib/stan_math/stan/math/rev/core.hpp:4:
In file included from /Users/manoelgaldino/.cmdstan/cmdstan-2.37.0/stan/lib/stan_math/stan/math/rev/core/accumulate_adjoints.hpp:4:
In file included from /Users/manoelgaldino/.cmdstan/cmdstan-2.37.0/stan/lib/stan_math/stan/math/prim/meta.hpp:72:
In file included from /Users/manoelgaldino/.cmdstan/cmdstan-2.37.0/stan/lib/stan_math/stan/math/prim/meta/append_return_type.hpp:4:
In file included from /Users/manoelgaldino/.cmdstan/cmdstan-2.37.0/stan/lib/stan_math/stan/math/prim/fun/Eigen.hpp:33:
In file included from /Users/manoelgaldino/.cmdstan/cmdstan-2.37.0/stan/lib/stan_math/lib/eigen_3.4.0/Eigen/Sparse:26:
In file included from /Users/manoelgaldino/.cmdstan/cmdstan-2.37.0/stan/lib/stan_math/lib/eigen_3.4.0/Eigen/SparseCore:61:
/Users/manoelgaldino/.cmdstan/cmdstan-2.37.0/stan/lib/stan_math/lib/eigen_3.4.0/Eigen/src/SparseCore/TriangularSolver.h:273:13: warning: variable 'count' set but not used [-Wunused-but-set-variable]
  273 |       Index count = 0;
      |             ^
In file included from file115aa458d9268.cpp:2:
In file included from /Users/manoelgaldino/.cmdstan/cmdstan-2.37.0/stan/src/stan/model/model_header.hpp:4:
In file included from /Users/manoelgaldino/.cmdstan/cmdstan-2.37.0/stan/src/stan/model/model_base.hpp:8:
In file included from /Users/manoelgaldino/.cmdstan/cmdstan-2.37.0/stan/lib/stan_math/stan/math/rev/core.hpp:4:
In file included from /Users/manoelgaldino/.cmdstan/cmdstan-2.37.0/stan/lib/stan_math/stan/math/rev/core/accumulate_adjoints.hpp:4:
In file included from /Users/manoelgaldino/.cmdstan/cmdstan-2.37.0/stan/lib/stan_math/stan/math/prim/meta.hpp:72:
In file included from /Users/manoelgaldino/.cmdstan/cmdstan-2.37.0/stan/lib/stan_math/stan/math/prim/meta/append_return_type.hpp:4:
In file included from /Users/manoelgaldino/.cmdstan/cmdstan-2.37.0/stan/lib/stan_math/stan/math/prim/fun/Eigen.hpp:33:
In file included from /Users/manoelgaldino/.cmdstan/cmdstan-2.37.0/stan/lib/stan_math/lib/eigen_3.4.0/Eigen/Sparse:29:
In file included from /Users/manoelgaldino/.cmdstan/cmdstan-2.37.0/stan/lib/stan_math/lib/eigen_3.4.0/Eigen/SparseLU:35:
/Users/manoelgaldino/.cmdstan/cmdstan-2.37.0/stan/lib/stan_math/lib/eigen_3.4.0/Eigen/src/SparseLU/SparseLU_heap_relax_snode.h:78:9: warning: variable 'nsuper_et_post' set but not used [-Wunused-but-set-variable]
   78 |   Index nsuper_et_post = 0; // Number of relaxed snodes in postordered etree 
      |         ^
/Users/manoelgaldino/.cmdstan/cmdstan-2.37.0/stan/lib/stan_math/lib/eigen_3.4.0/Eigen/src/SparseLU/SparseLU_heap_relax_snode.h:79:9: warning: variable 'nsuper_et' set but not used [-Wunused-but-set-variable]
   79 |   Index nsuper_et = 0; // Number of relaxed snodes in the original etree 
      |         ^
In file included from file115aa458d9268.cpp:2:
In file included from /Users/manoelgaldino/.cmdstan/cmdstan-2.37.0/stan/src/stan/model/model_header.hpp:13:
In file included from /Users/manoelgaldino/.cmdstan/cmdstan-2.37.0/stan/src/stan/model/indexing.hpp:13:
In file included from /Users/manoelgaldino/.cmdstan/cmdstan-2.37.0/stan/src/stan/model/indexing/rvalue_varmat.hpp:7:
/Users/manoelgaldino/.cmdstan/cmdstan-2.37.0/stan/src/stan/model/indexing/rvalue.hpp:516:22: warning: unused variable 'rows' [-Wunused-variable]
  516 |   const Eigen::Index rows = row_idx.ns_.size();
      |                      ^~~~
/Users/manoelgaldino/.cmdstan/cmdstan-2.37.0/stan/src/stan/model/indexing/rvalue.hpp:517:22: warning: unused variable 'cols' [-Wunused-variable]
  517 |   const Eigen::Index cols = col_idx.ns_.size();
      |                      ^~~~
5 warnings generated.
clang++ -arch arm64 -std=gnu++17 -dynamiclib -Wl,-headerpad_max_install_names -undefined dynamic_lookup -L/Library/Frameworks/R.framework/Resources/lib -L/opt/R/arm64/lib -o sourceCpp_4.so file115aa458d9268.o -ltbb /Users/manoelgaldino/.cmdstan/cmdstan-2.37.0/stan/lib/stan_math/lib/tbb/libtbb.dylib /Users/manoelgaldino/.cmdstan/cmdstan-2.37.0/stan/lib/stan_math/lib/tbb/libtbbmalloc.dylib /Users/manoelgaldino/.cmdstan/cmdstan-2.37.0/stan/lib/stan_math/lib/tbb/libtbbmalloc_proxy.dylib -Wl,-L,/Users/manoelgaldino/.cmdstan/cmdstan-2.37.0/stan/lib/stan_math/lib/tbb -Wl,-rpath,/Users/manoelgaldino/.cmdstan/cmdstan-2.37.0/stan/lib/stan_math/lib/tbb /Users/manoelgaldino/.cmdstan/cmdstan-2.37.0/stan/lib/stan_math/lib/sundials_6.1.1/lib/libsundials_nvecserial.a /Users/manoelgaldino/.cmdstan/cmdstan-2.37.0/stan/lib/stan_math/lib/sundials_6.1.1/lib/libsundials_cvodes.a /Users/manoelgaldino/.cmdstan/cmdstan-2.37.0/stan/lib/stan_math/lib/sundials_6.1.1/lib/libsundials_idas.a /Users/manoelgaldino/.cmdstan/cmdstan-2.37.0/stan/lib/stan_math/lib/sundials_6.1.1/lib/libsundials_kinsol.a -F/Library/Frameworks/R.framework/.. -framework R -Wl,-framework -Wl,CoreFoundation
CALL compiled_functions_grid {"eta":[[-1.2,0.8,-0.4,1.1,0.3,-0.7],[0,0,0,0,0,0],[8,-8,-6,6,4,-4],[100,100,100,100,100,100],[-100,-100,-100,-100,-100,-100],[-800,800,-800,800,-800,800],[800,-800,800,-800,800,-800]],"classes":[1,2,3],"N":[0,1,2,3,4],"order":["A","W","O"]} 
PASS compiled_log_probabilities_eta1_class1  
PASS smallN_logmass_eta1_class1_N0  
PASS smallN_logmass_eta1_class1_N1  
PASS smallN_logmass_eta1_class1_N2  
PASS smallN_logmass_eta1_class1_N3  
PASS smallN_logmass_eta1_class1_N4  
PASS compiled_log_probabilities_eta1_class2  
PASS smallN_logmass_eta1_class2_N0  
PASS smallN_logmass_eta1_class2_N1  
PASS smallN_logmass_eta1_class2_N2  
PASS smallN_logmass_eta1_class2_N3  
PASS smallN_logmass_eta1_class2_N4  
PASS compiled_log_probabilities_eta1_class3  
PASS smallN_logmass_eta1_class3_N0  
PASS smallN_logmass_eta1_class3_N1  
PASS smallN_logmass_eta1_class3_N2  
PASS smallN_logmass_eta1_class3_N3  
PASS smallN_logmass_eta1_class3_N4  
PASS compiled_log_probabilities_eta2_class1  
PASS smallN_logmass_eta2_class1_N0  
PASS smallN_logmass_eta2_class1_N1  
PASS smallN_logmass_eta2_class1_N2  
PASS smallN_logmass_eta2_class1_N3  
PASS smallN_logmass_eta2_class1_N4  
PASS compiled_log_probabilities_eta2_class2  
PASS smallN_logmass_eta2_class2_N0  
PASS smallN_logmass_eta2_class2_N1  
PASS smallN_logmass_eta2_class2_N2  
PASS smallN_logmass_eta2_class2_N3  
PASS smallN_logmass_eta2_class2_N4  
PASS compiled_log_probabilities_eta2_class3  
PASS smallN_logmass_eta2_class3_N0  
PASS smallN_logmass_eta2_class3_N1  
PASS smallN_logmass_eta2_class3_N2  
PASS smallN_logmass_eta2_class3_N3  
PASS smallN_logmass_eta2_class3_N4  
PASS compiled_log_probabilities_eta3_class1  
PASS smallN_logmass_eta3_class1_N0  
PASS smallN_logmass_eta3_class1_N1  
PASS smallN_logmass_eta3_class1_N2  
PASS smallN_logmass_eta3_class1_N3  
PASS smallN_logmass_eta3_class1_N4  
PASS compiled_log_probabilities_eta3_class2  
PASS smallN_logmass_eta3_class2_N0  
PASS smallN_logmass_eta3_class2_N1  
PASS smallN_logmass_eta3_class2_N2  
PASS smallN_logmass_eta3_class2_N3  
PASS smallN_logmass_eta3_class2_N4  
PASS compiled_log_probabilities_eta3_class3  
PASS smallN_logmass_eta3_class3_N0  
PASS smallN_logmass_eta3_class3_N1  
PASS smallN_logmass_eta3_class3_N2  
PASS smallN_logmass_eta3_class3_N3  
PASS smallN_logmass_eta3_class3_N4  
PASS compiled_log_probabilities_eta4_class1  
PASS smallN_logmass_eta4_class1_N0  
PASS smallN_logmass_eta4_class1_N1  
PASS smallN_logmass_eta4_class1_N2  
PASS smallN_logmass_eta4_class1_N3  
PASS smallN_logmass_eta4_class1_N4  
PASS compiled_log_probabilities_eta4_class2  
PASS smallN_logmass_eta4_class2_N0  
PASS smallN_logmass_eta4_class2_N1  
PASS smallN_logmass_eta4_class2_N2  
PASS smallN_logmass_eta4_class2_N3  
PASS smallN_logmass_eta4_class2_N4  
PASS compiled_log_probabilities_eta4_class3  
PASS smallN_logmass_eta4_class3_N0  
PASS smallN_logmass_eta4_class3_N1  
PASS smallN_logmass_eta4_class3_N2  
PASS smallN_logmass_eta4_class3_N3  
PASS smallN_logmass_eta4_class3_N4  
PASS compiled_log_probabilities_eta5_class1  
PASS smallN_logmass_eta5_class1_N0  
PASS smallN_logmass_eta5_class1_N1  
PASS smallN_logmass_eta5_class1_N2  
PASS smallN_logmass_eta5_class1_N3  
PASS smallN_logmass_eta5_class1_N4  
PASS compiled_log_probabilities_eta5_class2  
PASS smallN_logmass_eta5_class2_N0  
PASS smallN_logmass_eta5_class2_N1  
PASS smallN_logmass_eta5_class2_N2  
PASS smallN_logmass_eta5_class2_N3  
PASS smallN_logmass_eta5_class2_N4  
PASS compiled_log_probabilities_eta5_class3  
PASS smallN_logmass_eta5_class3_N0  
PASS smallN_logmass_eta5_class3_N1  
PASS smallN_logmass_eta5_class3_N2  
PASS smallN_logmass_eta5_class3_N3  
PASS smallN_logmass_eta5_class3_N4  
PASS compiled_log_probabilities_eta6_class1  
PASS smallN_logmass_eta6_class1_N0  
PASS smallN_logmass_eta6_class1_N1  
PASS smallN_logmass_eta6_class1_N2  
PASS smallN_logmass_eta6_class1_N3  
PASS smallN_logmass_eta6_class1_N4  
PASS compiled_log_probabilities_eta6_class2  
PASS smallN_logmass_eta6_class2_N0  
PASS smallN_logmass_eta6_class2_N1  
PASS smallN_logmass_eta6_class2_N2  
PASS smallN_logmass_eta6_class2_N3  
PASS smallN_logmass_eta6_class2_N4  
PASS compiled_log_probabilities_eta6_class3  
PASS smallN_logmass_eta6_class3_N0  
PASS smallN_logmass_eta6_class3_N1  
PASS smallN_logmass_eta6_class3_N2  
PASS smallN_logmass_eta6_class3_N3  
PASS smallN_logmass_eta6_class3_N4  
PASS compiled_log_probabilities_eta7_class1  
PASS smallN_logmass_eta7_class1_N0  
PASS smallN_logmass_eta7_class1_N1  
PASS smallN_logmass_eta7_class1_N2  
PASS smallN_logmass_eta7_class1_N3  
PASS smallN_logmass_eta7_class1_N4  
PASS compiled_log_probabilities_eta7_class2  
PASS smallN_logmass_eta7_class2_N0  
PASS smallN_logmass_eta7_class2_N1  
PASS smallN_logmass_eta7_class2_N2  
PASS smallN_logmass_eta7_class2_N3  
PASS smallN_logmass_eta7_class2_N4  
PASS compiled_log_probabilities_eta7_class3  
PASS smallN_logmass_eta7_class3_N0  
PASS smallN_logmass_eta7_class3_N1  
PASS smallN_logmass_eta7_class3_N2  
PASS smallN_logmass_eta7_class3_N3  
PASS smallN_logmass_eta7_class3_N4  
PASS exact_probability_boundary_1_0_0  
PASS exact_probability_boundary_0_1_0  
PASS exact_probability_boundary_0_0_1  
PASS exact_probability_boundary_0.2_0_0.8  
PASS invalid_class_rejected  
CALL model$sample {"data":{"n":3,"N":[3,4,2],"observed":[[1,2,0],[0,1,3],[1,0,1]]},"init":{"alpha":[-0.3,0.7,-0.8,0.6,-1.1,0.9],"b0":[-0.006,0.004,0.001,-0.009,0.003,0.002],"v":[0.05,0.2,0.4,0.1,0.8,0.3],"z":[[-0.9,-0.6,-0.3,0,0.3,0.6],[-0.8,-0.5,-0.2,0.1,0.4,0.7],[-0.7,-0.4,-0.1,0.2,0.5,0.8]],"r":[0.17,0.63]},"fixed_param":true,"seed":1001267,"chains":1,"parallel_chains":1,"iter_warmup":0,"iter_sampling":256,"output_dir":"/Users/manoelgaldino/Documents/DCP/Papers/electoralFraud/quality_reports/results/mebane_gates/coordination/2026-10-01_ad_long_stan/stan_impl/run-20261001T105406Z-attempt03-01a0f4b5/preparation/tests/fixed_parameter","sig_figs":17} 
Running MCMC with 1 chain...

Chain 1 finished in 0.0 seconds.
CALL fit$init_model_methods {"data":"synthetic_data.json"} 
CALL fit$unconstrain_variables {"alpha":[-0.3,0.7,-0.8,0.6,-1.1,0.9],"b0":[-0.006,0.004,0.001,-0.009,0.003,0.002],"v":[0.05,0.2,0.4,0.1,0.8,0.3],"z":[[-0.9,-0.6,-0.3,0,0.3,0.6],[-0.8,-0.5,-0.2,0.1,0.4,0.7],[-0.7,-0.4,-0.1,0.2,0.5,0.8]],"r":[0.17,0.63]} 
PASS unconstrained_parameter_order  
PASS compiled_constrain_roundtrip  
CALL fit$log_prob {"case":"asymmetric","unconstrained_variables":[-0.3,0.7,-0.8,0.6,-1.1,0.9,-0.006,0.004,0.001,-0.009,0.003,0.002,-2.99573227355399,-1.6094379124341,-0.916290731874155,-2.30258509299405,-0.22314355131421,-1.20397280432594,-0.9,-0.8,-0.7,-0.6,-0.5,-0.4,-0.3,-0.2,-0.1,0,0.1,0.2,0.3,0.4,0.5,0.6,0.7,0.8,-1.58562726374038,0.532216813747308],"jacobian":[false,true]} 
PASS compiled_lp_no_jacobian_asymmetric  
PASS compiled_lp_with_constraint_jacobian_asymmetric  
PASS NCP_centered_density_change_of_variables_asymmetric  
CALL fit$grad_log_prob {"case":"asymmetric","jacobian":false,"finite_difference_step":"1e-5 * max(1,abs(u[j]))"} 
PASS finite_gradients_R_finite_difference_asymmetric_jacFALSE  
CALL fit$grad_log_prob {"case":"asymmetric","jacobian":true,"finite_difference_step":"1e-5 * max(1,abs(u[j]))"} 
PASS finite_gradients_R_finite_difference_asymmetric_jacTRUE  
CALL fit$log_prob {"case":"reverse_r","unconstrained_variables":[-0.3,0.7,-0.8,0.6,-1.1,0.9,-0.006,0.004,0.001,-0.009,0.003,0.002,-2.99573227355399,-1.6094379124341,-0.916290731874155,-2.30258509299405,-0.22314355131421,-1.20397280432594,-0.9,-0.8,-0.7,-0.6,-0.5,-0.4,-0.3,-0.2,-0.1,0,0.1,0.2,0.3,0.4,0.5,0.6,0.7,0.8,0.532216813747308,-1.58562726374038],"jacobian":[false,true]} 
PASS compiled_lp_no_jacobian_reverse_r  
PASS compiled_lp_with_constraint_jacobian_reverse_r  
PASS NCP_centered_density_change_of_variables_reverse_r  
CALL fit$grad_log_prob {"case":"reverse_r","jacobian":false,"finite_difference_step":"1e-5 * max(1,abs(u[j]))"} 
PASS finite_gradients_R_finite_difference_reverse_r_jacFALSE  
CALL fit$grad_log_prob {"case":"reverse_r","jacobian":true,"finite_difference_step":"1e-5 * max(1,abs(u[j]))"} 
PASS finite_gradients_R_finite_difference_reverse_r_jacTRUE  
CALL fit$log_prob {"case":"small_variance","unconstrained_variables":[-0.3,0.7,-0.8,0.6,-1.1,0.9,-0.006,0.004,0.001,-0.009,0.003,0.002,-18.4206807439524,-18.4206807439524,-18.4206807439524,-18.4206807439524,-18.4206807439524,-18.4206807439524,-0.9,-0.8,-0.7,-0.6,-0.5,-0.4,-0.3,-0.2,-0.1,0,0.1,0.2,0.3,0.4,0.5,0.6,0.7,0.8,-1.58562726374038,0.532216813747308],"jacobian":[false,true]} 
PASS compiled_lp_no_jacobian_small_variance  
PASS compiled_lp_with_constraint_jacobian_small_variance  
PASS NCP_centered_density_change_of_variables_small_variance  
CALL fit$grad_log_prob {"case":"small_variance","jacobian":false,"finite_difference_step":"1e-5 * max(1,abs(u[j]))"} 
PASS finite_gradients_R_finite_difference_small_variance_jacFALSE  
CALL fit$grad_log_prob {"case":"small_variance","jacobian":true,"finite_difference_step":"1e-5 * max(1,abs(u[j]))"} 
PASS finite_gradients_R_finite_difference_small_variance_jacTRUE  
CALL fit$log_prob {"case":"rare_classes","unconstrained_variables":[-0.3,0.7,-0.8,0.6,-1.1,0.9,-0.006,0.004,0.001,-0.009,0.003,0.002,-2.99573227355399,-1.6094379124341,-0.916290731874155,-2.30258509299405,-0.22314355131421,-1.20397280432594,-0.9,-0.8,-0.7,-0.6,-0.5,-0.4,-0.3,-0.2,-0.1,0,0.1,0.2,0.3,0.4,0.5,0.6,0.7,0.8,-23.0258509298405,23.0258508471001],"jacobian":[false,true]} 
PASS compiled_lp_no_jacobian_rare_classes  
PASS compiled_lp_with_constraint_jacobian_rare_classes  
PASS NCP_centered_density_change_of_variables_rare_classes  
CALL fit$grad_log_prob {"case":"rare_classes","jacobian":false,"finite_difference_step":"1e-5 * max(1,abs(u[j]))"} 
PASS finite_gradients_R_finite_difference_rare_classes_jacFALSE  
CALL fit$grad_log_prob {"case":"rare_classes","jacobian":true,"finite_difference_step":"1e-5 * max(1,abs(u[j]))"} 
PASS finite_gradients_R_finite_difference_rare_classes_jacTRUE  
CALL fit$log_prob {"case":"large_predictors","unconstrained_variables":[-80,80,-80,80,-80,80,-0.006,0.004,0.001,-0.009,0.003,0.002,-2.99573227355399,-1.6094379124341,-0.916290731874155,-2.30258509299405,-0.22314355131421,-1.20397280432594,-0.9,-0.8,-0.7,-0.6,-0.5,-0.4,-0.3,-0.2,-0.1,0,0.1,0.2,0.3,0.4,0.5,0.6,0.7,0.8,-1.58562726374038,0.532216813747308],"jacobian":[false,true]} 
PASS compiled_lp_no_jacobian_large_predictors  
PASS compiled_lp_with_constraint_jacobian_large_predictors  
PASS NCP_centered_density_change_of_variables_large_predictors  
CALL fit$grad_log_prob {"case":"large_predictors","jacobian":false,"finite_difference_step":"1e-5 * max(1,abs(u[j]))"} 
PASS finite_gradients_R_finite_difference_large_predictors_jacFALSE  
CALL fit$grad_log_prob {"case":"large_predictors","jacobian":true,"finite_difference_step":"1e-5 * max(1,abs(u[j]))"} 
PASS finite_gradients_R_finite_difference_large_predictors_jacTRUE  
PASS class_mixture_is_not_multinomial_at_mean_probability  
CALL fit$draws {"format":"draws_matrix","retained":256,"warmup":0} 
PASS fixed_parameters_not_updated  
PASS GQ_responsibilities_and_log_lik_row1  
PASS GQ_mu_mapping_row1  
PASS GQ_same_Z_active_and_RB_row1  
PASS GQ_responsibilities_and_log_lik_row2  
PASS GQ_mu_mapping_row2  
PASS GQ_same_Z_active_and_RB_row2  
PASS GQ_responsibilities_and_log_lik_row3  
PASS GQ_mu_mapping_row3  
PASS GQ_same_Z_active_and_RB_row3  
PASS GQ_joint_draw_totals  
PASS generated_Z_has_nonconstant_synthetic_reconstruction  
PASS lazy_fit_RDS_CSV_roundtrip  
PASS name_map_has_required_complete_unambiguous_names  
PASS serial_initialization_matches_LONG  
PASS QA_rejects_pending  
PASS QA_rejects_self_review  
PASS QA_rejects_wrong_hash  
PASS existing_output_refused  
PASS all_frozen_sources_unchanged  
{
  "status": "deterministic_tests_pass_candidate_requires_independent_QA",
  "R_checks_passed": 183,
  "R_checks_failed": 0,
  "supervisor_exit_code": 0,
  "executor_id": "01a0f4b5-4434-7b83-91b9-69ced11b40ba",
  "empirical_sampling": false,
  "independent_QA_pass": false,
  "production_or_G10_approved": false,
  "completed_utc": "2026-10-01 10:55:07 UTC",
  "elapsed_seconds": 52.8905
} 
