[[1]]
[[1]]$path
[1] "quality_reports/results/mebane_gates/coordination/2026-09-30_ad_study/contract_v2.json"

[[1]]$snapshot
[1] "/Users/manoelgaldino/Documents/DCP/Papers/electoralFraud/quality_reports/results/mebane_gates/coordination/2026-09-30_ad_study/review_preflight/frozen_fixture_reruns/runner/sources/quality_reports/results/mebane_gates/coordination/2026-09-30_ad_study/contract_v2.json"

[[1]]$bytes
[1] 15010

[[1]]$sha256
[1] "d17b7f508a7ce87eec3ca71ed7df67666b528c755e005ec9e1299e5ff9deb509"


[[2]]
[[2]]$path
[1] "quality_reports/results/mebane_gates/coordination/2026-09-30_ad_study/data/run-20260930T235038Z-pid61600/dc2010_ad_data.rds"

[[2]]$snapshot
[1] "/Users/manoelgaldino/Documents/DCP/Papers/electoralFraud/quality_reports/results/mebane_gates/coordination/2026-09-30_ad_study/review_preflight/frozen_fixture_reruns/runner/sources/quality_reports/results/mebane_gates/coordination/2026-09-30_ad_study/data/run-20260930T235038Z-pid61600/dc2010_ad_data.rds"

[[2]]$bytes
[1] 2539

[[2]]$sha256
[1] "b2ef611dabb751f9286acbaae841a23c34948ed0a4b6306364cbe94d9d24903e"


[[3]]
[[3]]$path
[1] "R/experimental/mebane_ad/io.R"

[[3]]$snapshot
[1] "/Users/manoelgaldino/Documents/DCP/Papers/electoralFraud/quality_reports/results/mebane_gates/coordination/2026-09-30_ad_study/review_preflight/frozen_fixture_reruns/runner/sources/R/experimental/mebane_ad/io.R"

[[3]]$bytes
[1] 2627

[[3]]$sha256
[1] "913803dc29f9784d756ab9a1834b2a96b8201d754957dbd9f65286674b4abb2d"


[[4]]
[[4]]$path
[1] "R/experimental/mebane_ad/run_jags.R"

[[4]]$snapshot
[1] "/Users/manoelgaldino/Documents/DCP/Papers/electoralFraud/quality_reports/results/mebane_gates/coordination/2026-09-30_ad_study/review_preflight/frozen_fixture_reruns/runner/sources/R/experimental/mebane_ad/run_jags.R"

[[4]]$bytes
[1] 7517

[[4]]$sha256
[1] "d4d991e77750c138c6c4c173919a5d61cbb6e72030de30bb1e4a301410a60c16"


[[5]]
[[5]]$path
[1] "R/experimental/mebane_ad/diagnostics.R"

[[5]]$snapshot
[1] "/Users/manoelgaldino/Documents/DCP/Papers/electoralFraud/quality_reports/results/mebane_gates/coordination/2026-09-30_ad_study/review_preflight/frozen_fixture_reruns/runner/sources/R/experimental/mebane_ad/diagnostics.R"

[[5]]$bytes
[1] 13087

[[5]]$sha256
[1] "aba092e20273a00d29f229edd2c54f65d5aac3c14489367a875785df07d5d8b3"


[[6]]
[[6]]$path
[1] "R/experimental/mebane_ad/prepare_dc2010.R"

[[6]]$snapshot
[1] "/Users/manoelgaldino/Documents/DCP/Papers/electoralFraud/quality_reports/results/mebane_gates/coordination/2026-09-30_ad_study/review_preflight/frozen_fixture_reruns/runner/sources/R/experimental/mebane_ad/prepare_dc2010.R"

[[6]]$bytes
[1] 10287

[[6]]$sha256
[1] "051f0421448bd349ffdfa9a668ac78ac22bccc09bf4b8ff5718cd80c7e788313"


[[7]]
[[7]]$path
[1] "tests/mebane/ad_study/test_runner.R"

[[7]]$snapshot
[1] "/Users/manoelgaldino/Documents/DCP/Papers/electoralFraud/quality_reports/results/mebane_gates/coordination/2026-09-30_ad_study/review_preflight/frozen_fixture_reruns/runner/sources/tests/mebane/ad_study/test_runner.R"

[[7]]$bytes
[1] 5170

[[7]]$sha256
[1] "b7c9d7e79604aa7dbb80b74938993cdec2fb74df86888620a240260c806f2c21"


PASS 69 runner and diagnostic checks; no MCMC
