[[1]]
[[1]]$path
[1] "quality_reports/results/mebane_gates/coordination/2026-09-30_ad_study/contract_v2.json"

[[1]]$snapshot
[1] "/Users/manoelgaldino/Documents/DCP/Papers/electoralFraud/quality_reports/results/mebane_gates/coordination/2026-09-30_ad_study/review_results/comparison_recomputed/consumed_sources/quality_reports/results/mebane_gates/coordination/2026-09-30_ad_study/contract_v2.json"

[[1]]$bytes
[1] 15010

[[1]]$sha256
[1] "d17b7f508a7ce87eec3ca71ed7df67666b528c755e005ec9e1299e5ff9deb509"


[[2]]
[[2]]$path
[1] "quality_reports/results/mebane_gates/coordination/2026-09-30_ad_study/data/run-20260930T235038Z-pid61600/dc2010_ad_data.rds"

[[2]]$snapshot
[1] "/Users/manoelgaldino/Documents/DCP/Papers/electoralFraud/quality_reports/results/mebane_gates/coordination/2026-09-30_ad_study/review_results/comparison_recomputed/consumed_sources/quality_reports/results/mebane_gates/coordination/2026-09-30_ad_study/data/run-20260930T235038Z-pid61600/dc2010_ad_data.rds"

[[2]]$bytes
[1] 2539

[[2]]$sha256
[1] "b2ef611dabb751f9286acbaae841a23c34948ed0a4b6306364cbe94d9d24903e"


[[3]]
[[3]]$path
[1] "R/experimental/mebane_ad/io.R"

[[3]]$snapshot
[1] "/Users/manoelgaldino/Documents/DCP/Papers/electoralFraud/quality_reports/results/mebane_gates/coordination/2026-09-30_ad_study/review_results/comparison_recomputed/consumed_sources/R/experimental/mebane_ad/io.R"

[[3]]$bytes
[1] 2627

[[3]]$sha256
[1] "913803dc29f9784d756ab9a1834b2a96b8201d754957dbd9f65286674b4abb2d"


[[4]]
[[4]]$path
[1] "R/experimental/mebane_ad/compare_runs.R"

[[4]]$snapshot
[1] "/Users/manoelgaldino/Documents/DCP/Papers/electoralFraud/quality_reports/results/mebane_gates/coordination/2026-09-30_ad_study/review_results/comparison_recomputed/consumed_sources/R/experimental/mebane_ad/compare_runs.R"

[[4]]$bytes
[1] 16236

[[4]]$sha256
[1] "ba835f6244341f26e425a4173f53edb1457162820dc0deed0649ea1cf2bae81f"


[[5]]
[[5]]$path
[1] "quality_reports/results/mebane_gates/coordination/2026-09-30_ad_study/pilot01/execution.json"

[[5]]$snapshot
[1] "/Users/manoelgaldino/Documents/DCP/Papers/electoralFraud/quality_reports/results/mebane_gates/coordination/2026-09-30_ad_study/review_results/comparison_recomputed/consumed_sources/quality_reports/results/mebane_gates/coordination/2026-09-30_ad_study/pilot01/execution.json"

[[5]]$bytes
[1] 2196

[[5]]$sha256
[1] "00df77601d3a8b1c60c38b7edaddd3aac3982d6152e6837933fa9ab7b15c877d"


[[6]]
[[6]]$path
[1] "quality_reports/results/mebane_gates/coordination/2026-09-30_ad_study/pilot01/A/run_result.json"

[[6]]$snapshot
[1] "/Users/manoelgaldino/Documents/DCP/Papers/electoralFraud/quality_reports/results/mebane_gates/coordination/2026-09-30_ad_study/review_results/comparison_recomputed/consumed_sources/quality_reports/results/mebane_gates/coordination/2026-09-30_ad_study/pilot01/A/run_result.json"

[[6]]$bytes
[1] 1308

[[6]]$sha256
[1] "feddc59c03ccc21b127b4460c2aa342033c08c3958907a80ec0f90d4780be341"


[[7]]
[[7]]$path
[1] "quality_reports/results/mebane_gates/coordination/2026-09-30_ad_study/pilot01/A_diagnostics/diagnostic_result.json"

[[7]]$snapshot
[1] "/Users/manoelgaldino/Documents/DCP/Papers/electoralFraud/quality_reports/results/mebane_gates/coordination/2026-09-30_ad_study/review_results/comparison_recomputed/consumed_sources/quality_reports/results/mebane_gates/coordination/2026-09-30_ad_study/pilot01/A_diagnostics/diagnostic_result.json"

[[7]]$bytes
[1] 695

[[7]]$sha256
[1] "17527e97910ab252bfbef20332be5eac82ce197444a51a86d46e817b5db6cfaf"


[[8]]
[[8]]$path
[1] "quality_reports/results/mebane_gates/coordination/2026-09-30_ad_study/pilot01/A_diagnostics/diagnostics.csv"

[[8]]$snapshot
[1] "/Users/manoelgaldino/Documents/DCP/Papers/electoralFraud/quality_reports/results/mebane_gates/coordination/2026-09-30_ad_study/review_results/comparison_recomputed/consumed_sources/quality_reports/results/mebane_gates/coordination/2026-09-30_ad_study/pilot01/A_diagnostics/diagnostics.csv"

[[8]]$bytes
[1] 632065

[[8]]$sha256
[1] "8e7bc585ee0f3ee1513cc47556bc451ba001a27849f5cde0291380851a62c079"


[[9]]
[[9]]$path
[1] "quality_reports/results/mebane_gates/coordination/2026-09-30_ad_study/pilot01/A_diagnostics/class_probabilities.csv"

[[9]]$snapshot
[1] "/Users/manoelgaldino/Documents/DCP/Papers/electoralFraud/quality_reports/results/mebane_gates/coordination/2026-09-30_ad_study/review_results/comparison_recomputed/consumed_sources/quality_reports/results/mebane_gates/coordination/2026-09-30_ad_study/pilot01/A_diagnostics/class_probabilities.csv"

[[9]]$bytes
[1] 13794

[[9]]$sha256
[1] "1b7a0eb17c0383fadefcda24410377d1b60aafc06b3577ad3d4d7ca1daeed905"


[[10]]
[[10]]$path
[1] "quality_reports/results/mebane_gates/coordination/2026-09-30_ad_study/pilot01/A_supervisor.json"

[[10]]$snapshot
[1] "/Users/manoelgaldino/Documents/DCP/Papers/electoralFraud/quality_reports/results/mebane_gates/coordination/2026-09-30_ad_study/review_results/comparison_recomputed/consumed_sources/quality_reports/results/mebane_gates/coordination/2026-09-30_ad_study/pilot01/A_supervisor.json"

[[10]]$bytes
[1] 705

[[10]]$sha256
[1] "aac26c6b6b5a170c9d6418c0813c7efae9471355846e6efec957f73e66e7cb28"


[[11]]
[[11]]$path
[1] "quality_reports/results/mebane_gates/coordination/2026-09-30_ad_study/pilot01/A_diagnostics_supervisor.json"

[[11]]$snapshot
[1] "/Users/manoelgaldino/Documents/DCP/Papers/electoralFraud/quality_reports/results/mebane_gates/coordination/2026-09-30_ad_study/review_results/comparison_recomputed/consumed_sources/quality_reports/results/mebane_gates/coordination/2026-09-30_ad_study/pilot01/A_diagnostics_supervisor.json"

[[11]]$bytes
[1] 785

[[11]]$sha256
[1] "18e7e8323221045df0fe585cf290d3bc76fe80df6308dc3230a669ac69265f4d"


[[12]]
[[12]]$path
[1] "quality_reports/results/mebane_gates/coordination/2026-09-30_ad_study/pilot01/A/manifest.json"

[[12]]$snapshot
[1] "/Users/manoelgaldino/Documents/DCP/Papers/electoralFraud/quality_reports/results/mebane_gates/coordination/2026-09-30_ad_study/review_results/comparison_recomputed/consumed_sources/quality_reports/results/mebane_gates/coordination/2026-09-30_ad_study/pilot01/A/manifest.json"

[[12]]$bytes
[1] 4787

[[12]]$sha256
[1] "76e9c7a6ba01598383a8a6f6e076f0373f569c93a9dc30ce31a330c1f9a9d3d6"


[[13]]
[[13]]$path
[1] "quality_reports/results/mebane_gates/coordination/2026-09-30_ad_study/pilot01/A_diagnostics/manifest.json"

[[13]]$snapshot
[1] "/Users/manoelgaldino/Documents/DCP/Papers/electoralFraud/quality_reports/results/mebane_gates/coordination/2026-09-30_ad_study/review_results/comparison_recomputed/consumed_sources/quality_reports/results/mebane_gates/coordination/2026-09-30_ad_study/pilot01/A_diagnostics/manifest.json"

[[13]]$bytes
[1] 3992

[[13]]$sha256
[1] "2105dd966390914e20174dadb04397bd905f072842077fb6a4033eb333e7222e"


[[14]]
[[14]]$path
[1] "quality_reports/results/mebane_gates/coordination/2026-09-30_ad_study/pilot01/D/run_result.json"

[[14]]$snapshot
[1] "/Users/manoelgaldino/Documents/DCP/Papers/electoralFraud/quality_reports/results/mebane_gates/coordination/2026-09-30_ad_study/review_results/comparison_recomputed/consumed_sources/quality_reports/results/mebane_gates/coordination/2026-09-30_ad_study/pilot01/D/run_result.json"

[[14]]$bytes
[1] 1320

[[14]]$sha256
[1] "d61e701a54404e35c9f23c7cd525b55f2b4772a148ea26b9277cdfb7f7c9db76"


[[15]]
[[15]]$path
[1] "quality_reports/results/mebane_gates/coordination/2026-09-30_ad_study/pilot01/D_diagnostics/diagnostic_result.json"

[[15]]$snapshot
[1] "/Users/manoelgaldino/Documents/DCP/Papers/electoralFraud/quality_reports/results/mebane_gates/coordination/2026-09-30_ad_study/review_results/comparison_recomputed/consumed_sources/quality_reports/results/mebane_gates/coordination/2026-09-30_ad_study/pilot01/D_diagnostics/diagnostic_result.json"

[[15]]$bytes
[1] 690

[[15]]$sha256
[1] "5d6e90a2d670f516a3ffac344824429793b69a7499904c08b7459f6d9f2b327f"


[[16]]
[[16]]$path
[1] "quality_reports/results/mebane_gates/coordination/2026-09-30_ad_study/pilot01/D_diagnostics/diagnostics.csv"

[[16]]$snapshot
[1] "/Users/manoelgaldino/Documents/DCP/Papers/electoralFraud/quality_reports/results/mebane_gates/coordination/2026-09-30_ad_study/review_results/comparison_recomputed/consumed_sources/quality_reports/results/mebane_gates/coordination/2026-09-30_ad_study/pilot01/D_diagnostics/diagnostics.csv"

[[16]]$bytes
[1] 543193

[[16]]$sha256
[1] "2a4b4fec9f5f52652483f1e4c9bcef6706cc5ca025dfdea60aadfe26da9987a6"


[[17]]
[[17]]$path
[1] "quality_reports/results/mebane_gates/coordination/2026-09-30_ad_study/pilot01/D_diagnostics/class_probabilities.csv"

[[17]]$snapshot
[1] "/Users/manoelgaldino/Documents/DCP/Papers/electoralFraud/quality_reports/results/mebane_gates/coordination/2026-09-30_ad_study/review_results/comparison_recomputed/consumed_sources/quality_reports/results/mebane_gates/coordination/2026-09-30_ad_study/pilot01/D_diagnostics/class_probabilities.csv"

[[17]]$bytes
[1] 14867

[[17]]$sha256
[1] "9dd4f5c08a0e50d98bffe9d77cbb3eaa19a86c95c61580a54fd5ce941a5fc275"


[[18]]
[[18]]$path
[1] "quality_reports/results/mebane_gates/coordination/2026-09-30_ad_study/pilot01/D_supervisor.json"

[[18]]$snapshot
[1] "/Users/manoelgaldino/Documents/DCP/Papers/electoralFraud/quality_reports/results/mebane_gates/coordination/2026-09-30_ad_study/review_results/comparison_recomputed/consumed_sources/quality_reports/results/mebane_gates/coordination/2026-09-30_ad_study/pilot01/D_supervisor.json"

[[18]]$bytes
[1] 704

[[18]]$sha256
[1] "578576823d3a448f16d9adba7cbb93ebe676f86393c8caa50c567ae69f3c7067"


[[19]]
[[19]]$path
[1] "quality_reports/results/mebane_gates/coordination/2026-09-30_ad_study/pilot01/D_diagnostics_supervisor.json"

[[19]]$snapshot
[1] "/Users/manoelgaldino/Documents/DCP/Papers/electoralFraud/quality_reports/results/mebane_gates/coordination/2026-09-30_ad_study/review_results/comparison_recomputed/consumed_sources/quality_reports/results/mebane_gates/coordination/2026-09-30_ad_study/pilot01/D_diagnostics_supervisor.json"

[[19]]$bytes
[1] 785

[[19]]$sha256
[1] "778b6709c3a249b856c4072f53e4e669fdd44fb8538f468d0b3ef52f8ef39591"


[[20]]
[[20]]$path
[1] "quality_reports/results/mebane_gates/coordination/2026-09-30_ad_study/pilot01/D/manifest.json"

[[20]]$snapshot
[1] "/Users/manoelgaldino/Documents/DCP/Papers/electoralFraud/quality_reports/results/mebane_gates/coordination/2026-09-30_ad_study/review_results/comparison_recomputed/consumed_sources/quality_reports/results/mebane_gates/coordination/2026-09-30_ad_study/pilot01/D/manifest.json"

[[20]]$bytes
[1] 4761

[[20]]$sha256
[1] "ede7eec48495c09a4ae6c6543c1636c3e551c3d0659f788e8621e1b245520300"


[[21]]
[[21]]$path
[1] "quality_reports/results/mebane_gates/coordination/2026-09-30_ad_study/pilot01/D_diagnostics/manifest.json"

[[21]]$snapshot
[1] "/Users/manoelgaldino/Documents/DCP/Papers/electoralFraud/quality_reports/results/mebane_gates/coordination/2026-09-30_ad_study/review_results/comparison_recomputed/consumed_sources/quality_reports/results/mebane_gates/coordination/2026-09-30_ad_study/pilot01/D_diagnostics/manifest.json"

[[21]]$bytes
[1] 4248

[[21]]$sha256
[1] "51164a6afe58c0b2acf633a5204cc72a6349ef4018d7c24b74349dc4770262ed"


computationally_inconclusive 
