[[1]]
[[1]]$path
[1] "quality_reports/results/mebane_gates/coordination/2026-09-30_ad_study/contract_v2.json"

[[1]]$snapshot
[1] "/Users/manoelgaldino/Documents/DCP/Papers/electoralFraud/quality_reports/results/mebane_gates/coordination/2026-09-30_ad_study/review_results/comparison_fixtures/sources/quality_reports/results/mebane_gates/coordination/2026-09-30_ad_study/contract_v2.json"

[[1]]$bytes
[1] 15010

[[1]]$sha256
[1] "d17b7f508a7ce87eec3ca71ed7df67666b528c755e005ec9e1299e5ff9deb509"


[[2]]
[[2]]$path
[1] "quality_reports/results/mebane_gates/coordination/2026-09-30_ad_study/data/run-20260930T235038Z-pid61600/dc2010_ad_data.rds"

[[2]]$snapshot
[1] "/Users/manoelgaldino/Documents/DCP/Papers/electoralFraud/quality_reports/results/mebane_gates/coordination/2026-09-30_ad_study/review_results/comparison_fixtures/sources/quality_reports/results/mebane_gates/coordination/2026-09-30_ad_study/data/run-20260930T235038Z-pid61600/dc2010_ad_data.rds"

[[2]]$bytes
[1] 2539

[[2]]$sha256
[1] "b2ef611dabb751f9286acbaae841a23c34948ed0a4b6306364cbe94d9d24903e"


[[3]]
[[3]]$path
[1] "R/experimental/mebane_ad/compare_runs.R"

[[3]]$snapshot
[1] "/Users/manoelgaldino/Documents/DCP/Papers/electoralFraud/quality_reports/results/mebane_gates/coordination/2026-09-30_ad_study/review_results/comparison_fixtures/sources/R/experimental/mebane_ad/compare_runs.R"

[[3]]$bytes
[1] 16236

[[3]]$sha256
[1] "ba835f6244341f26e425a4173f53edb1457162820dc0deed0649ea1cf2bae81f"


[[4]]
[[4]]$path
[1] "R/experimental/mebane_ad/io.R"

[[4]]$snapshot
[1] "/Users/manoelgaldino/Documents/DCP/Papers/electoralFraud/quality_reports/results/mebane_gates/coordination/2026-09-30_ad_study/review_results/comparison_fixtures/sources/R/experimental/mebane_ad/io.R"

[[4]]$bytes
[1] 2627

[[4]]$sha256
[1] "913803dc29f9784d756ab9a1834b2a96b8201d754957dbd9f65286674b4abb2d"


[[5]]
[[5]]$path
[1] "tests/mebane/ad_study/test_comparison.R"

[[5]]$snapshot
[1] "/Users/manoelgaldino/Documents/DCP/Papers/electoralFraud/quality_reports/results/mebane_gates/coordination/2026-09-30_ad_study/review_results/comparison_fixtures/sources/tests/mebane/ad_study/test_comparison.R"

[[5]]$bytes
[1] 3834

[[5]]$sha256
[1] "56c8773933b72a5e2c5b73298d55776b822a31c8b29b02d2691d0d4c131d3e76"


PASS four reporting cases and denominator arithmetic; synthetic only
