PASS D-frozen-source-hash 
PASS all-stochastic-nodes-conditioned-no-samplers 
PASS native-coda-four-chains-one-deterministic-read 
PASS native-extraction-mu.tau 
PASS precision-is-inverse-variance-tau 
PASS native-extraction-mu.nu 
PASS precision-is-inverse-variance-nu 
PASS native-extraction-mu.iota.m 
PASS precision-is-inverse-variance-iota.m 
PASS native-extraction-mu.iota.s 
PASS precision-is-inverse-variance-iota.s 
PASS native-extraction-mu.chi.m 
PASS precision-is-inverse-variance-chi.m 
PASS native-extraction-mu.chi.s 
PASS precision-is-inverse-variance-chi.s 
PASS native-probability-1 
PASS native-probability-2 
PASS native-probability-3 
PASS pi-partial-order-allows-third-above-second 
PASS R-loglik-independent-dmultinom-1 
PASS R-conditional-mean-covariance-1 
PASS R-loglik-independent-dmultinom-2 
PASS R-conditional-mean-covariance-2 
PASS R-loglik-independent-dmultinom-3 
PASS R-conditional-mean-covariance-3 
PASS R-loglik-independent-dmultinom-4 
PASS R-conditional-mean-covariance-4 
PASS 27 independent D checks; zero samplers; no empirical posterior
