                                            id pass        value
1                                reservoirs_N1 TRUE           NA
2                                reservoirs_N2 TRUE           NA
3                                reservoirs_N3 TRUE           NA
4                                reservoirs_N4 TRUE           NA
5                            336_distributions TRUE 3.360000e+02
6                              mass_normalized TRUE 2.664535e-15
7                          microstate_observed TRUE 5.551115e-16
8                        microstate_sequential TRUE 2.775558e-16
9                 microstate_conditional_joint TRUE 6.661338e-16
10                 microstate_joint_functional TRUE 1.110223e-15
11                       microstate_marginal_A TRUE 1.776357e-15
12                       microstate_marginal_W TRUE 7.771561e-16
13                 microstate_covariance_error TRUE 9.658940e-15
14                          literal_positive_C TRUE           NA
15                strict_invalid_states_zeroed TRUE 1.080000e+02
16                      active_R_prior_changed TRUE 7.486562e-03
17                   inactive_R_keeps_marginal TRUE           NA
18                      component_pi_preserved TRUE           NA
19                           global_pi_changed TRUE 7.889483e-03
20            per_R_normalization_retains_base TRUE           NA
21               per_R_distinct_from_component TRUE 5.233925e-03
22                   posterior_class_not_prior TRUE 4.432874e-01
23        same_observables_different_transfers TRUE           NA
24 boundary_cancellation_not_valid_probability TRUE           NA
25                         stable_positive_sum TRUE           NA
