[[1]]
[[1]]$path
[1] "quality_reports/results/mebane_gates/coordination/2026-09-30_ad_study/contract_v2.json"

[[1]]$snapshot
[1] "/Users/manoelgaldino/Documents/DCP/Papers/electoralFraud/quality_reports/results/mebane_gates/coordination/2026-09-30_ad_study/review_results/comparison_fixtures/no_outputs_comparison/consumed_sources/quality_reports/results/mebane_gates/coordination/2026-09-30_ad_study/contract_v2.json"

[[1]]$bytes
[1] 15010

[[1]]$sha256
[1] "d17b7f508a7ce87eec3ca71ed7df67666b528c755e005ec9e1299e5ff9deb509"


[[2]]
[[2]]$path
[1] "quality_reports/results/mebane_gates/coordination/2026-09-30_ad_study/data/run-20260930T235038Z-pid61600/dc2010_ad_data.rds"

[[2]]$snapshot
[1] "/Users/manoelgaldino/Documents/DCP/Papers/electoralFraud/quality_reports/results/mebane_gates/coordination/2026-09-30_ad_study/review_results/comparison_fixtures/no_outputs_comparison/consumed_sources/quality_reports/results/mebane_gates/coordination/2026-09-30_ad_study/data/run-20260930T235038Z-pid61600/dc2010_ad_data.rds"

[[2]]$bytes
[1] 2539

[[2]]$sha256
[1] "b2ef611dabb751f9286acbaae841a23c34948ed0a4b6306364cbe94d9d24903e"


[[3]]
[[3]]$path
[1] "R/experimental/mebane_ad/io.R"

[[3]]$snapshot
[1] "/Users/manoelgaldino/Documents/DCP/Papers/electoralFraud/quality_reports/results/mebane_gates/coordination/2026-09-30_ad_study/review_results/comparison_fixtures/no_outputs_comparison/consumed_sources/R/experimental/mebane_ad/io.R"

[[3]]$bytes
[1] 2627

[[3]]$sha256
[1] "913803dc29f9784d756ab9a1834b2a96b8201d754957dbd9f65286674b4abb2d"


[[4]]
[[4]]$path
[1] "R/experimental/mebane_ad/compare_runs.R"

[[4]]$snapshot
[1] "/Users/manoelgaldino/Documents/DCP/Papers/electoralFraud/quality_reports/results/mebane_gates/coordination/2026-09-30_ad_study/review_results/comparison_fixtures/no_outputs_comparison/consumed_sources/R/experimental/mebane_ad/compare_runs.R"

[[4]]$bytes
[1] 16236

[[4]]$sha256
[1] "ba835f6244341f26e425a4173f53edb1457162820dc0deed0649ea1cf2bae81f"


[[5]]
[[5]]$path
[1] "quality_reports/results/mebane_gates/coordination/2026-09-30_ad_study/review_results/comparison_fixtures/no_outputs/execution.json"

[[5]]$snapshot
[1] "/Users/manoelgaldino/Documents/DCP/Papers/electoralFraud/quality_reports/results/mebane_gates/coordination/2026-09-30_ad_study/review_results/comparison_fixtures/no_outputs_comparison/consumed_sources/quality_reports/results/mebane_gates/coordination/2026-09-30_ad_study/review_results/comparison_fixtures/no_outputs/execution.json"

[[5]]$bytes
[1] 24

[[5]]$sha256
[1] "efa82530f0281abdf7bff98dbf617ee4427f964100fa5fe3f2e8673792b268cf"


[[6]]
[[6]]$path
[1] "quality_reports/results/mebane_gates/coordination/2026-09-30_ad_study/review_results/comparison_fixtures/no_outputs/A_supervisor.json"

[[6]]$snapshot
[1] "/Users/manoelgaldino/Documents/DCP/Papers/electoralFraud/quality_reports/results/mebane_gates/coordination/2026-09-30_ad_study/review_results/comparison_fixtures/no_outputs_comparison/consumed_sources/quality_reports/results/mebane_gates/coordination/2026-09-30_ad_study/review_results/comparison_fixtures/no_outputs/A_supervisor.json"

[[6]]$bytes
[1] 344

[[6]]$sha256
[1] "7076c933cc0dc84333d5671c69bf6c2b9b2d475af841650b8c35f4f8550af0f6"


[[7]]
[[7]]$path
[1] "quality_reports/results/mebane_gates/coordination/2026-09-30_ad_study/review_results/comparison_fixtures/no_outputs/A_diagnostics_supervisor.json"

[[7]]$snapshot
[1] "/Users/manoelgaldino/Documents/DCP/Papers/electoralFraud/quality_reports/results/mebane_gates/coordination/2026-09-30_ad_study/review_results/comparison_fixtures/no_outputs_comparison/consumed_sources/quality_reports/results/mebane_gates/coordination/2026-09-30_ad_study/review_results/comparison_fixtures/no_outputs/A_diagnostics_supervisor.json"

[[7]]$bytes
[1] 343

[[7]]$sha256
[1] "974cd65cc40b99ffe6049f2ba226db3bd1023fbee556eec04b6925fd5b2341cf"


[[8]]
[[8]]$path
[1] "quality_reports/results/mebane_gates/coordination/2026-09-30_ad_study/review_results/comparison_fixtures/no_outputs/D_supervisor.json"

[[8]]$snapshot
[1] "/Users/manoelgaldino/Documents/DCP/Papers/electoralFraud/quality_reports/results/mebane_gates/coordination/2026-09-30_ad_study/review_results/comparison_fixtures/no_outputs_comparison/consumed_sources/quality_reports/results/mebane_gates/coordination/2026-09-30_ad_study/review_results/comparison_fixtures/no_outputs/D_supervisor.json"

[[8]]$bytes
[1] 344

[[8]]$sha256
[1] "94048792baba26e88e8778087ab94311d99e7be1abbf5be5a9f30d9d88f54c93"


[[9]]
[[9]]$path
[1] "quality_reports/results/mebane_gates/coordination/2026-09-30_ad_study/review_results/comparison_fixtures/no_outputs/D_diagnostics_supervisor.json"

[[9]]$snapshot
[1] "/Users/manoelgaldino/Documents/DCP/Papers/electoralFraud/quality_reports/results/mebane_gates/coordination/2026-09-30_ad_study/review_results/comparison_fixtures/no_outputs_comparison/consumed_sources/quality_reports/results/mebane_gates/coordination/2026-09-30_ad_study/review_results/comparison_fixtures/no_outputs/D_diagnostics_supervisor.json"

[[9]]$bytes
[1] 343

[[9]]$sha256
[1] "57564df4d000b85a5da9b5552a346f71d319ee7b434eb57033da500b1b92873b"


computationally_inconclusive 
